ASxxxx Linker V03.00 + NoICE + sdld,  page 1.
Hexadecimal  [32-Bits]

Area                                    Addr        Size        Decimal Bytes (Attributes)
--------------------------------        ----        ----        ------- ----- ------------
.  .ABS.                            00000000    00000000 =           0. bytes (ABS,CON)

      Value  Global                              Global Defined In Module
      -----  --------------------------------   ------------------------
     00000000  .__.ABS.                           
     00000000  l_CABS                          
     00000000  l_DABS                          
     00000000  l_DATA                          
     00000000  l__CODE                         
     00000000  s_.debug_abbrev                 
     00000000  s_.debug_frame                  
     00000000  s_.debug_info                   
     00000000  s_.debug_line                   
     00000000  s_.debug_loc                    
     00000000  s_.debug_pubnames               
     00000000  s_CABS                          
     00000000  s_DABS                          
     00000000  s__CODE                         
     00000001  l_SSEG                          
     00000001  s_DATA                          
     00000001  s_INITIALIZED                   
     00000003  l_GSFINAL                       
     00000004  l_INITIALIZED                   
     00000004  l_INITIALIZER                   
     00000005  s_SSEG                          
     0000001A  l_GSINIT                        
     00000034  l_CONST                         
     0000006F  l_HOME                          
     000007DC  l_.debug_abbrev                 
     0000124C  l_.debug_pubnames               
     0000247E  l_CODE                          
     00003618  l_.debug_line                   
     00003A80  l_.debug_loc                    
     00003A88  l_.debug_frame                  
     000054D8  l_.debug_info                   
     00008000  s_HOME                          
     0000806F  s_GSINIT                        
     00008089  s_GSFINAL                       
     0000808C  s_CONST                         
     000080C0  s_INITIALIZER                   
     000080C4  s_CODE                          

ASxxxx Linker V03.00 + NoICE + sdld,  page 2.
Hexadecimal  [32-Bits]

Area                                    Addr        Size        Decimal Bytes (Attributes)
--------------------------------        ----        ----        ------- ----- ------------
INITIALIZED                         00000001    00000004 =           4. bytes (REL,CON)

      Value  Global                              Global Defined In Module
      -----  --------------------------------   ------------------------
     00000001  G$miliseconds$0_0$0                milis
     00000001  _miliseconds                       milis

ASxxxx Linker V03.00 + NoICE + sdld,  page 3.
Hexadecimal  [32-Bits]

Area                                    Addr        Size        Decimal Bytes (Attributes)
--------------------------------        ----        ----        ------- ----- ------------
SSEG                                00000005    00000001 =           1. bytes (REL,CON)

      Value  Global                              Global Defined In Module
      -----  --------------------------------   ------------------------
ASxxxx Linker V03.00 + NoICE + sdld,  page 4.
Hexadecimal  [32-Bits]

Area                                    Addr        Size        Decimal Bytes (Attributes)
--------------------------------        ----        ----        ------- ----- ------------
HOME                                00008000    0000006F =         111. bytes (REL,CON)

      Value  Global                              Global Defined In Module
      -----  --------------------------------   ------------------------
     00008000  A$main$56                          main
     00008004  A$main$57                          main
     00008008  A$main$58                          main
     0000800C  A$main$59                          main
     00008010  A$main$60                          main
     00008014  A$main$61                          main
     00008018  A$main$62                          main
     0000801C  A$main$63                          main
     00008020  A$main$64                          main
     00008024  A$main$65                          main
     00008028  A$main$66                          main
     0000802C  A$main$67                          main
     00008030  A$main$68                          main
     00008034  A$main$69                          main
     00008038  A$main$70                          main
     0000803C  A$main$71                          main
     00008040  A$main$72                          main
     00008044  A$main$73                          main
     00008048  A$main$74                          main
     0000804C  A$main$75                          main
     00008050  A$main$76                          main
     00008054  A$main$77                          main
     00008058  A$main$78                          main
     0000805C  A$main$79                          main
     00008060  A$main$80                          main
     00008064  A$main$81                          main
     00008068  A$main$82                          main
     0000806C  A$main$116                         main

ASxxxx Linker V03.00 + NoICE + sdld,  page 5.
Hexadecimal  [32-Bits]

Area                                    Addr        Size        Decimal Bytes (Attributes)
--------------------------------        ----        ----        ------- ----- ------------
GSINIT                              0000806F    0000001A =          26. bytes (REL,CON)

      Value  Global                              Global Defined In Module
      -----  --------------------------------   ------------------------
     0000806F  A$main$92                          main
     00008072  A$main$93                          main
     00008074  A$main$95                          main
     00008078  A$main$96                          main
     00008079  A$main$97                          main
     0000807B  A$main$99                          main
     0000807E  A$main$100                         main
     00008080  A$main$102                         main
     00008083  A$main$103                         main
     00008086  A$main$104                         main
     00008087  A$main$105                         main

ASxxxx Linker V03.00 + NoICE + sdld,  page 6.
Hexadecimal  [32-Bits]

Area                                    Addr        Size        Decimal Bytes (Attributes)
--------------------------------        ----        ----        ------- ----- ------------
GSFINAL                             00008089    00000003 =           3. bytes (REL,CON)

      Value  Global                              Global Defined In Module
      -----  --------------------------------   ------------------------
     00008089  A$main$109                         main

ASxxxx Linker V03.00 + NoICE + sdld,  page 7.
Hexadecimal  [32-Bits]

Area                                    Addr        Size        Decimal Bytes (Attributes)
--------------------------------        ----        ----        ------- ----- ------------
CONST                               0000808C    00000034 =          52. bytes (REL,CON)

      Value  Global                              Global Defined In Module
      -----  --------------------------------   ------------------------
     0000808C  Fmain$__str_1$0_0$0                main
     000080B4  G$HSIDivFactor$0_0$0               stm8s_clk
     000080B4  _HSIDivFactor                      stm8s_clk
     000080B8  G$CLKPrescTable$0_0$0              stm8s_clk
     000080B8  _CLKPrescTable                     stm8s_clk

ASxxxx Linker V03.00 + NoICE + sdld,  page 8.
Hexadecimal  [32-Bits]

Area                                    Addr        Size        Decimal Bytes (Attributes)
--------------------------------        ----        ----        ------- ----- ------------
INITIALIZER                         000080C0    00000004 =           4. bytes (REL,CON)

      Value  Global                              Global Defined In Module
      -----  --------------------------------   ------------------------
     000080C0  Fmilis$__xinit_miliseconds$0_0$0   milis

ASxxxx Linker V03.00 + NoICE + sdld,  page 9.
Hexadecimal  [32-Bits]

Area                                    Addr        Size        Decimal Bytes (Attributes)
--------------------------------        ----        ----        ------- ----- ------------
CODE                                000080C4    0000247E =        9342. bytes (REL,CON)

      Value  Global                              Global Defined In Module
      -----  --------------------------------   ------------------------
     000080C4  A$main$135                         main
     000080C4  Smain$setup$0                      main
     000080C4  Smain$setup$1                      main
     000080C4  Smain$setup$2                      main
     000080C4  _setup                             main
     000080C6  A$main$138                         main
     000080C6  Smain$setup$3                      main
     000080C9  A$main$139                         main
     000080CA  A$main$144                         main
     000080CA  Smain$setup$4                      main
     000080CA  Smain$setup$5                      main
     000080CC  A$main$147                         main
     000080CC  Smain$setup$6                      main
     000080CE  A$main$150                         main
     000080CE  Smain$setup$7                      main
     000080D0  A$main$152                         main
     000080D0  Smain$setup$8                      main
     000080D2  A$main$155                         main
     000080D2  Smain$setup$9                      main
     000080D5  A$main$156                         main
     000080D7  A$main$161                         main
     000080D7  Smain$setup$10                     main
     000080D7  Smain$setup$11                     main
     000080DA  A$main$165                         main
     000080DA  Smain$setup$12                     main
     000080DC  A$main$167                         main
     000080DC  Smain$setup$13                     main
     000080DE  A$main$170                         main
     000080DE  Smain$setup$14                     main
     000080E0  A$main$173                         main
     000080E0  Smain$setup$15                     main
     000080E3  A$main$174                         main
     000080E5  A$main$179                         main
     000080E5  Smain$setup$16                     main
     000080E5  Smain$setup$17                     main
     000080E7  A$main$182                         main
     000080E7  Smain$setup$18                     main
     000080E9  A$main$184                         main
     000080E9  Smain$setup$19                     main
     000080EB  A$main$187                         main
     000080EB  Smain$setup$20                     main
     000080ED  A$main$190                         main
     000080ED  Smain$setup$21                     main
     000080EF  A$main$193                         main
     000080EF  Smain$setup$22                     main
     000080F2  A$main$194                         main
     000080F4  A$main$199                         main
     000080F4  Smain$setup$23                     main
     000080F4  Smain$setup$24                     main
     000080F6  A$main$202                         main
ASxxxx Linker V03.00 + NoICE + sdld,  page 10.
Hexadecimal  [32-Bits]

Area                                    Addr        Size        Decimal Bytes (Attributes)
--------------------------------        ----        ----        ------- ----- ------------
CODE                                000080C4    0000247E =        9342. bytes (REL,CON)

      Value  Global                              Global Defined In Module
      -----  --------------------------------   ------------------------
     000080F6  Smain$setup$25                     main
     000080F9  A$main$203                         main
     000080FA  A$main$208                         main
     000080FA  Smain$setup$26                     main
     000080FA  Smain$setup$27                     main
     000080FC  A$main$211                         main
     000080FC  Smain$setup$28                     main
     000080FF  A$main$212                         main
     00008100  A$main$221                         main
     00008100  Smain$setup$29                     main
     00008100  Smain$setup$30                     main
     00008100  Smain$setup$31                     main
     00008100  XG$setup$0$0                       main
     00008101  A$main$233                         main
     00008101  Smain$main$33                      main
     00008101  Smain$main$34                      main
     00008101  Smain$setup$32                     main
     00008101  _main                              main
     00008102  A$main$238                         main
     00008102  Smain$main$35                      main
     00008102  Smain$main$36                      main
     00008104  A$main$242                         main
     00008104  Smain$main$37                      main
     00008107  A$main$251                         main
     00008107  Smain$main$38                      main
     00008107  Smain$main$39                      main
     00008107  Smain$main$40                      main
     00008109  A$main$254                         main
     00008109  Smain$main$41                      main
     0000810B  A$main$256                         main
     0000810B  Smain$main$42                      main
     0000810D  A$main$259                         main
     0000810D  Smain$main$43                      main
     00008110  A$main$260                         main
     00008112  A$main$263                         main
     00008112  Smain$main$44                      main
     00008113  A$main$264                         main
     00008115  A$main$265                         main
     00008118  A$main$271                         main
     00008118  Smain$main$45                      main
     00008118  Smain$main$46                      main
     0000811A  A$main$272                         main
     0000811C  A$main$275                         main
     0000811C  Smain$main$47                      main
     0000811F  A$main$282                         main
     0000811F  Smain$main$48                      main
     0000811F  Smain$main$49                      main
     00008121  A$main$289                         main
     00008121  Smain$main$50                      main
     00008121  Smain$main$51                      main
     00008123  A$main$290                         main
ASxxxx Linker V03.00 + NoICE + sdld,  page 11.
Hexadecimal  [32-Bits]

Area                                    Addr        Size        Decimal Bytes (Attributes)
--------------------------------        ----        ----        ------- ----- ------------
CODE                                000080C4    0000247E =        9342. bytes (REL,CON)

      Value  Global                              Global Defined In Module
      -----  --------------------------------   ------------------------
     00008124  A$main$291                         main
     00008126  A$main$292                         main
     00008129  A$main$294                         main
     0000812C  A$main$299                         main
     0000812C  Smain$main$52                      main
     0000812E  A$main$300                         main
     00008130  A$main$301                         main
     00008133  A$main$307                         main
     00008133  Smain$main$53                      main
     00008133  Smain$main$54                      main
     00008135  A$main$309                         main
     00008135  Smain$main$55                      main
     00008137  A$main$312                         main
     00008137  Smain$main$56                      main
     0000813A  A$main$313                         main
     0000813B  A$main$320                         main
     0000813B  Smain$main$57                      main
     0000813B  Smain$main$58                      main
     0000813D  A$main$322                         main
     0000813D  Smain$main$59                      main
     0000813F  A$main$325                         main
     0000813F  Smain$main$60                      main
     00008142  A$main$326                         main
     00008143  A$main$334                         main
     00008143  Smain$main$61                      main
     00008143  Smain$main$62                      main
     00008143  Smain$main$63                      main
     00008145  A$main$335                         main
     00008147  A$main$336                         main
     0000814A  A$main$339                         main
     0000814C  A$main$340                         main
     0000814D  A$main$341                         main
     0000814F  A$main$342                         main
     00008152  A$main$344                         main
     00008155  A$main$352                         main
     00008155  Smain$main$64                      main
     00008155  Smain$main$65                      main
     00008155  Smain$main$66                      main
     00008156  A$main$353                         main
     00008157  A$main$356                         main
     00008157  Smain$main$67                      main
     0000815A  A$main$357                         main
     0000815B  A$main$364                         main
     0000815B  Smain$main$68                      main
     0000815B  Smain$main$69                      main
     0000815D  A$main$366                         main
     0000815D  Smain$main$70                      main
     0000815F  A$main$369                         main
     0000815F  Smain$main$71                      main
     00008162  A$main$370                         main
     00008163  A$main$378                         main
ASxxxx Linker V03.00 + NoICE + sdld,  page 12.
Hexadecimal  [32-Bits]

Area                                    Addr        Size        Decimal Bytes (Attributes)
--------------------------------        ----        ----        ------- ----- ------------
CODE                                000080C4    0000247E =        9342. bytes (REL,CON)

      Value  Global                              Global Defined In Module
      -----  --------------------------------   ------------------------
     00008163  Smain$main$72                      main
     00008163  Smain$main$73                      main
     00008163  Smain$main$74                      main
     00008165  A$main$379                         main
     00008167  A$main$382                         main
     00008167  Smain$main$75                      main
     0000816A  A$main$388                         main
     0000816A  Smain$main$76                      main
     0000816C  A$main$392                         main
     0000816C  Smain$main$77                      main
     0000816C  Smain$main$78                      main
     0000816C  XG$main$0$0                        main
     0000816D  A$milis$70                         milis
     0000816D  Fmain$__str_3$0_0$0                main
     0000816D  Smain$main$79                      main
     0000816D  Smilis$milis$0                     milis
     0000816D  Smilis$milis$1                     milis
     0000816D  _milis                             milis
     0000816F  A$milis$75                         milis
     0000816F  Smilis$milis$2                     milis
     0000816F  Smilis$milis$3                     milis
     00008171  A$milis$78                         milis
     00008171  Smilis$milis$4                     milis
     00008173  A$milis$81                         milis
     00008173  Smilis$milis$5                     milis
     00008176  A$milis$82                         milis
     00008177  A$milis$87                         milis
     00008177  Smilis$milis$6                     milis
     00008177  Smilis$milis$7                     milis
     0000817A  A$milis$88                         milis
     0000817E  A$milis$89                         milis
     00008180  A$milis$93                         milis
     00008180  Smilis$milis$8                     milis
     00008181  A$milis$95                         milis
     00008181  Smilis$milis$9                     milis
     00008183  A$milis$98                         milis
     00008183  Smilis$milis$10                    milis
     00008185  A$milis$101                        milis
     00008185  Smilis$milis$11                    milis
     00008188  A$milis$102                        milis
     00008189  A$milis$104                        milis
     00008189  Smilis$milis$12                    milis
     0000818A  A$milis$109                        milis
     0000818A  Smilis$milis$13                    milis
     0000818A  Smilis$milis$14                    milis
     0000818C  A$milis$115                        milis
     0000818C  Smilis$milis$15                    milis
     0000818E  A$milis$119                        milis
     0000818E  Smilis$milis$16                    milis
     0000818E  Smilis$milis$17                    milis
     0000818E  XG$milis$0$0                       milis
ASxxxx Linker V03.00 + NoICE + sdld,  page 13.
Hexadecimal  [32-Bits]

Area                                    Addr        Size        Decimal Bytes (Attributes)
--------------------------------        ----        ----        ------- ----- ------------
CODE                                000080C4    0000247E =        9342. bytes (REL,CON)

      Value  Global                              Global Defined In Module
      -----  --------------------------------   ------------------------
     0000818F  A$milis$134                        milis
     0000818F  Smilis$init_milis$19               milis
     0000818F  Smilis$init_milis$20               milis
     0000818F  Smilis$init_milis$21               milis
     0000818F  Smilis$milis$18                    milis
     0000818F  _init_milis                        milis
     00008191  A$milis$137                        milis
     00008191  Smilis$init_milis$22               milis
     00008193  A$milis$140                        milis
     00008193  Smilis$init_milis$23               milis
     00008196  A$milis$141                        milis
     00008197  A$milis$146                        milis
     00008197  Smilis$init_milis$24               milis
     00008197  Smilis$init_milis$25               milis
     00008199  A$milis$149                        milis
     00008199  Smilis$init_milis$26               milis
     0000819C  A$milis$150                        milis
     0000819D  A$milis$155                        milis
     0000819D  Smilis$init_milis$27               milis
     0000819D  Smilis$init_milis$28               milis
     0000819F  A$milis$158                        milis
     0000819F  Smilis$init_milis$29               milis
     000081A1  A$milis$161                        milis
     000081A1  Smilis$init_milis$30               milis
     000081A4  A$milis$162                        milis
     000081A5  A$milis$167                        milis
     000081A5  Smilis$init_milis$31               milis
     000081A5  Smilis$init_milis$32               milis
     000081A7  A$milis$170                        milis
     000081A7  Smilis$init_milis$33               milis
     000081A9  A$milis$173                        milis
     000081A9  Smilis$init_milis$34               milis
     000081AC  A$milis$174                        milis
     000081AD  A$milis$179                        milis
     000081AD  Smilis$init_milis$35               milis
     000081AD  Smilis$init_milis$36               milis
     000081AE  A$milis$183                        milis
     000081AE  Smilis$init_milis$37               milis
     000081B0  A$milis$186                        milis
     000081B0  Smilis$init_milis$38               milis
     000081B3  A$milis$187                        milis
     000081B4  A$milis$196                        milis
     000081B4  Smilis$init_milis$39               milis
     000081B4  Smilis$init_milis$40               milis
     000081B4  Smilis$init_milis$41               milis
     000081B4  XG$init_milis$0$0                  milis
     000081B5  A$milis$208                        milis
     000081B5  Smilis$TIM4_UPD_OVF_IRQHandler$4   milis
     000081B5  Smilis$init_milis$42               milis
     000081B5  _TIM4_UPD_OVF_IRQHandler           milis
     000081B6  A$milis$213                        milis
ASxxxx Linker V03.00 + NoICE + sdld,  page 14.
Hexadecimal  [32-Bits]

Area                                    Addr        Size        Decimal Bytes (Attributes)
--------------------------------        ----        ----        ------- ----- ------------
CODE                                000080C4    0000247E =        9342. bytes (REL,CON)

      Value  Global                              Global Defined In Module
      -----  --------------------------------   ------------------------
     000081B6  Smilis$TIM4_UPD_OVF_IRQHandler$4   milis
     000081B6  Smilis$TIM4_UPD_OVF_IRQHandler$4   milis
     000081B8  A$milis$216                        milis
     000081B8  Smilis$TIM4_UPD_OVF_IRQHandler$4   milis
     000081BB  A$milis$217                        milis
     000081BC  A$milis$222                        milis
     000081BC  Smilis$TIM4_UPD_OVF_IRQHandler$4   milis
     000081BC  Smilis$TIM4_UPD_OVF_IRQHandler$4   milis
     000081BF  A$milis$223                        milis
     000081C3  A$milis$225                        milis
     000081C4  A$milis$226                        milis
     000081C6  A$milis$227                        milis
     000081C8  A$milis$230                        milis
     000081CB  A$milis$231                        milis
     000081CF  A$milis$239                        milis
     000081CF  Smilis$TIM4_UPD_OVF_IRQHandler$4   milis
     000081CF  Smilis$TIM4_UPD_OVF_IRQHandler$5   milis
     000081CF  XG$TIM4_UPD_OVF_IRQHandler$0$0     milis
     000081D0  A$spse_stm8$66                     spse_stm8
     000081D0  Smilis$TIM4_UPD_OVF_IRQHandler$5   milis
     000081D0  Sspse_stm8$_delay_cycl$0           spse_stm8
     000081D0  Sspse_stm8$_delay_cycl$1           spse_stm8
     000081D0  Sspse_stm8$_delay_cycl$2           spse_stm8
     000081D1  A$spse_stm8$67                     spse_stm8
     000081D2  A$spse_stm8$71                     spse_stm8
     000081D2  Sspse_stm8$_delay_cycl$3           spse_stm8
     000081D4  A$spse_stm8$78                     spse_stm8
     000081D4  Sspse_stm8$_delay_cycl$4           spse_stm8
     000081D4  Sspse_stm8$_delay_cycl$5           spse_stm8
     000081D5  A$spse_stm8$83                     spse_stm8
     000081D5  Sspse_stm8$_delay_cycl$6           spse_stm8
     000081D5  Sspse_stm8$_delay_cycl$7           spse_stm8
     000081D6  A$spse_stm8$84                     spse_stm8
     000081D8  A$spse_stm8$85                     spse_stm8
     000081DB  A$spse_stm8$90                     spse_stm8
     000081DB  Sspse_stm8$_delay_cycl$8           spse_stm8
     000081DC  A$spse_stm8$98                     spse_stm8
     000081DC  Sspse_stm8$_delay_cycl$10          spse_stm8
     000081DC  Sspse_stm8$_delay_cycl$9           spse_stm8
     000081DC  XFspse_stm8$_delay_cycl$0$0        spse_stm8
     000081DD  A$spse_stm8$114                    spse_stm8
     000081DD  Sspse_stm8$_delay_cycl$11          spse_stm8
     000081DD  Sspse_stm8$_delay_us$12            spse_stm8
     000081DD  Sspse_stm8$_delay_us$13            spse_stm8
     000081DD  Sspse_stm8$_delay_us$14            spse_stm8
     000081DF  A$spse_stm8$115                    spse_stm8
     000081E0  A$spse_stm8$117                    spse_stm8
     000081E2  A$spse_stm8$119                    spse_stm8
     000081E2  Sspse_stm8$_delay_us$15            spse_stm8
     000081E3  A$spse_stm8$122                    spse_stm8
     000081E3  Sspse_stm8$_delay_us$16            spse_stm8
ASxxxx Linker V03.00 + NoICE + sdld,  page 15.
Hexadecimal  [32-Bits]

Area                                    Addr        Size        Decimal Bytes (Attributes)
--------------------------------        ----        ----        ------- ----- ------------
CODE                                000080C4    0000247E =        9342. bytes (REL,CON)

      Value  Global                              Global Defined In Module
      -----  --------------------------------   ------------------------
     000081E5  A$spse_stm8$124                    spse_stm8
     000081E5  Sspse_stm8$_delay_us$17            spse_stm8
     000081E7  A$spse_stm8$126                    spse_stm8
     000081E7  Sspse_stm8$_delay_us$18            spse_stm8
     000081E9  A$spse_stm8$128                    spse_stm8
     000081E9  Sspse_stm8$_delay_us$19            spse_stm8
     000081EB  A$spse_stm8$131                    spse_stm8
     000081EB  Sspse_stm8$_delay_us$20            spse_stm8
     000081EE  A$spse_stm8$132                    spse_stm8
     000081F0  A$spse_stm8$138                    spse_stm8
     000081F0  Sspse_stm8$_delay_us$21            spse_stm8
     000081F0  Sspse_stm8$_delay_us$22            spse_stm8
     000081F2  A$spse_stm8$140                    spse_stm8
     000081F2  Sspse_stm8$_delay_us$23            spse_stm8
     000081F4  A$spse_stm8$142                    spse_stm8
     000081F4  Sspse_stm8$_delay_us$24            spse_stm8
     000081F6  A$spse_stm8$144                    spse_stm8
     000081F6  Sspse_stm8$_delay_us$25            spse_stm8
     000081F8  A$spse_stm8$147                    spse_stm8
     000081F8  Sspse_stm8$_delay_us$26            spse_stm8
     000081F9  A$spse_stm8$149                    spse_stm8
     000081F9  Sspse_stm8$_delay_us$27            spse_stm8
     000081FB  A$spse_stm8$152                    spse_stm8
     000081FB  Sspse_stm8$_delay_us$28            spse_stm8
     000081FE  A$spse_stm8$153                    spse_stm8
     00008200  A$spse_stm8$157                    spse_stm8
     00008200  Sspse_stm8$_delay_us$29            spse_stm8
     00008200  Sspse_stm8$_delay_us$30            spse_stm8
     00008202  A$spse_stm8$158                    spse_stm8
     00008203  A$spse_stm8$159                    spse_stm8
     00008205  A$spse_stm8$160                    spse_stm8
     00008206  A$spse_stm8$161                    spse_stm8
     00008208  A$spse_stm8$162                    spse_stm8
     00008209  A$spse_stm8$167                    spse_stm8
     00008209  Sspse_stm8$_delay_us$31            spse_stm8
     0000820A  A$spse_stm8$175                    spse_stm8
     0000820A  Sspse_stm8$_delay_us$32            spse_stm8
     0000820A  Sspse_stm8$_delay_us$33            spse_stm8
     0000820B  A$spse_stm8$176                    spse_stm8
     0000820C  A$spse_stm8$186                    spse_stm8
     0000820C  Sspse_stm8$_delay_us$34            spse_stm8
     0000820C  Sspse_stm8$_delay_us$35            spse_stm8
     0000820C  Sspse_stm8$_delay_us$36            spse_stm8
     0000820D  A$spse_stm8$190                    spse_stm8
     0000820D  Sspse_stm8$_delay_us$37            spse_stm8
     0000820E  A$spse_stm8$191                    spse_stm8
     00008210  A$spse_stm8$192                    spse_stm8
     00008213  A$spse_stm8$196                    spse_stm8
     00008214  A$spse_stm8$207                    spse_stm8
     00008214  Sspse_stm8$_delay_us$38            spse_stm8
     00008214  Sspse_stm8$_delay_us$39            spse_stm8
ASxxxx Linker V03.00 + NoICE + sdld,  page 16.
Hexadecimal  [32-Bits]

Area                                    Addr        Size        Decimal Bytes (Attributes)
--------------------------------        ----        ----        ------- ----- ------------
CODE                                000080C4    0000247E =        9342. bytes (REL,CON)

      Value  Global                              Global Defined In Module
      -----  --------------------------------   ------------------------
     00008214  Sspse_stm8$_delay_us$40            spse_stm8
     00008214  Sspse_stm8$_delay_us$41            spse_stm8
     00008214  XFspse_stm8$_delay_us$0$0          spse_stm8
     00008215  A$spse_stm8$222                    spse_stm8
     00008215  Sspse_stm8$ADC_get$43              spse_stm8
     00008215  Sspse_stm8$ADC_get$44              spse_stm8
     00008215  Sspse_stm8$ADC_get$45              spse_stm8
     00008215  Sspse_stm8$_delay_us$42            spse_stm8
     00008215  _ADC_get                           spse_stm8
     00008217  A$spse_stm8$223                    spse_stm8
     00008218  A$spse_stm8$226                    spse_stm8
     00008218  Sspse_stm8$ADC_get$46              spse_stm8
     0000821B  A$spse_stm8$227                    spse_stm8
     0000821C  A$spse_stm8$232                    spse_stm8
     0000821C  Sspse_stm8$ADC_get$47              spse_stm8
     0000821C  Sspse_stm8$ADC_get$48              spse_stm8
     0000821F  A$spse_stm8$234                    spse_stm8
     00008221  A$spse_stm8$236                    spse_stm8
     00008224  A$spse_stm8$242                    spse_stm8
     00008224  Sspse_stm8$ADC_get$49              spse_stm8
     00008227  A$spse_stm8$244                    spse_stm8
     00008228  A$spse_stm8$245                    spse_stm8
     0000822A  A$spse_stm8$246                    spse_stm8
     0000822D  A$spse_stm8$252                    spse_stm8
     0000822D  Sspse_stm8$ADC_get$50              spse_stm8
     00008230  A$spse_stm8$254                    spse_stm8
     00008232  A$spse_stm8$256                    spse_stm8
     00008235  A$spse_stm8$260                    spse_stm8
     00008235  Sspse_stm8$ADC_get$51              spse_stm8
     00008238  A$spse_stm8$269                    spse_stm8
     00008238  Sspse_stm8$ADC_get$52              spse_stm8
     00008238  Sspse_stm8$ADC_get$53              spse_stm8
     00008238  XG$ADC_get$0$0                     spse_stm8
     00008239  A$spse_stm8$281                    spse_stm8
     00008239  Sspse_stm8$ADC2_Select_Channel$5   spse_stm8
     00008239  Sspse_stm8$ADC2_Select_Channel$5   spse_stm8
     00008239  Sspse_stm8$ADC_get$54              spse_stm8
     00008239  _ADC2_Select_Channel               spse_stm8
     0000823A  A$spse_stm8$286                    spse_stm8
     0000823A  Sspse_stm8$ADC2_Select_Channel$5   spse_stm8
     0000823A  Sspse_stm8$ADC2_Select_Channel$5   spse_stm8
     0000823D  A$spse_stm8$288                    spse_stm8
     0000823F  A$spse_stm8$289                    spse_stm8
     00008241  A$spse_stm8$293                    spse_stm8
     00008241  Sspse_stm8$ADC2_Select_Channel$5   spse_stm8
     00008243  A$spse_stm8$294                    spse_stm8
     00008245  A$spse_stm8$296                    spse_stm8
     00008247  A$spse_stm8$301                    spse_stm8
     00008247  Sspse_stm8$ADC2_Select_Channel$6   spse_stm8
     0000824A  A$spse_stm8$307                    spse_stm8
     0000824A  Sspse_stm8$ADC2_Select_Channel$6   spse_stm8
ASxxxx Linker V03.00 + NoICE + sdld,  page 17.
Hexadecimal  [32-Bits]

Area                                    Addr        Size        Decimal Bytes (Attributes)
--------------------------------        ----        ----        ------- ----- ------------
CODE                                000080C4    0000247E =        9342. bytes (REL,CON)

      Value  Global                              Global Defined In Module
      -----  --------------------------------   ------------------------
     0000824B  A$spse_stm8$311                    spse_stm8
     0000824B  Sspse_stm8$ADC2_Select_Channel$6   spse_stm8
     0000824B  Sspse_stm8$ADC2_Select_Channel$6   spse_stm8
     0000824B  XG$ADC2_Select_Channel$0$0         spse_stm8
     0000824C  A$spse_stm8$326                    spse_stm8
     0000824C  Sspse_stm8$ADC2_AlignConfig$65     spse_stm8
     0000824C  Sspse_stm8$ADC2_AlignConfig$66     spse_stm8
     0000824C  Sspse_stm8$ADC2_AlignConfig$67     spse_stm8
     0000824C  Sspse_stm8$ADC2_Select_Channel$6   spse_stm8
     0000824C  _ADC2_AlignConfig                  spse_stm8
     0000824F  A$spse_stm8$330                    spse_stm8
     0000824F  Sspse_stm8$ADC2_AlignConfig$68     spse_stm8
     00008251  A$spse_stm8$331                    spse_stm8
     00008253  A$spse_stm8$332                    spse_stm8
     00008256  A$spse_stm8$338                    spse_stm8
     00008256  Sspse_stm8$ADC2_AlignConfig$69     spse_stm8
     00008256  Sspse_stm8$ADC2_AlignConfig$70     spse_stm8
     00008258  A$spse_stm8$340                    spse_stm8
     0000825B  A$spse_stm8$343                    spse_stm8
     0000825B  Sspse_stm8$ADC2_AlignConfig$71     spse_stm8
     0000825E  A$spse_stm8$350                    spse_stm8
     0000825E  Sspse_stm8$ADC2_AlignConfig$72     spse_stm8
     0000825E  Sspse_stm8$ADC2_AlignConfig$73     spse_stm8
     00008260  A$spse_stm8$352                    spse_stm8
     00008263  A$spse_stm8$361                    spse_stm8
     00008263  Sspse_stm8$ADC2_AlignConfig$74     spse_stm8
     00008263  Sspse_stm8$ADC2_AlignConfig$75     spse_stm8
     00008263  Sspse_stm8$ADC2_AlignConfig$76     spse_stm8
     00008263  XG$ADC2_AlignConfig$0$0            spse_stm8
     00008264  A$spse_stm8$376                    spse_stm8
     00008264  Sspse_stm8$ADC2_AlignConfig$77     spse_stm8
     00008264  Sspse_stm8$ADC2_Startup_Wait$78    spse_stm8
     00008264  Sspse_stm8$ADC2_Startup_Wait$79    spse_stm8
     00008264  Sspse_stm8$ADC2_Startup_Wait$80    spse_stm8
     00008264  _ADC2_Startup_Wait                 spse_stm8
     00008267  A$spse_stm8$380                    spse_stm8
     00008267  Sspse_stm8$ADC2_Startup_Wait$81    spse_stm8
     00008268  A$spse_stm8$381                    spse_stm8
     00008269  A$spse_stm8$391                    spse_stm8
     00008269  Sspse_stm8$ADC2_Startup_Wait$82    spse_stm8
     00008269  Sspse_stm8$ADC2_Startup_Wait$83    spse_stm8
     00008269  Sspse_stm8$ADC2_Startup_Wait$84    spse_stm8
     0000826A  A$spse_stm8$395                    spse_stm8
     0000826A  Sspse_stm8$ADC2_Startup_Wait$85    spse_stm8
     0000826B  A$spse_stm8$396                    spse_stm8
     0000826D  A$spse_stm8$397                    spse_stm8
     00008270  A$spse_stm8$401                    spse_stm8
     00008271  A$spse_stm8$412                    spse_stm8
     00008271  Sspse_stm8$ADC2_Startup_Wait$86    spse_stm8
     00008271  Sspse_stm8$ADC2_Startup_Wait$87    spse_stm8
     00008271  Sspse_stm8$ADC2_Startup_Wait$88    spse_stm8
ASxxxx Linker V03.00 + NoICE + sdld,  page 18.
Hexadecimal  [32-Bits]

Area                                    Addr        Size        Decimal Bytes (Attributes)
--------------------------------        ----        ----        ------- ----- ------------
CODE                                000080C4    0000247E =        9342. bytes (REL,CON)

      Value  Global                              Global Defined In Module
      -----  --------------------------------   ------------------------
     00008271  Sspse_stm8$ADC2_Startup_Wait$89    spse_stm8
     00008271  XG$ADC2_Startup_Wait$0$0           spse_stm8
     00008272  A$stm8_hd44780$82                  stm8_hd44780
     00008272  Sspse_stm8$ADC2_Startup_Wait$90    spse_stm8
     00008272  Sstm8_hd44780$_delay_cycl$0        stm8_hd44780
     00008272  Sstm8_hd44780$_delay_cycl$1        stm8_hd44780
     00008272  Sstm8_hd44780$_delay_cycl$2        stm8_hd44780
     00008273  A$stm8_hd44780$83                  stm8_hd44780
     00008274  A$stm8_hd44780$87                  stm8_hd44780
     00008274  Sstm8_hd44780$_delay_cycl$3        stm8_hd44780
     00008276  A$stm8_hd44780$94                  stm8_hd44780
     00008276  Sstm8_hd44780$_delay_cycl$4        stm8_hd44780
     00008276  Sstm8_hd44780$_delay_cycl$5        stm8_hd44780
     00008277  A$stm8_hd44780$99                  stm8_hd44780
     00008277  Sstm8_hd44780$_delay_cycl$6        stm8_hd44780
     00008277  Sstm8_hd44780$_delay_cycl$7        stm8_hd44780
     00008278  A$stm8_hd44780$100                 stm8_hd44780
     0000827A  A$stm8_hd44780$101                 stm8_hd44780
     0000827D  A$stm8_hd44780$106                 stm8_hd44780
     0000827D  Sstm8_hd44780$_delay_cycl$8        stm8_hd44780
     0000827E  A$stm8_hd44780$114                 stm8_hd44780
     0000827E  Sstm8_hd44780$_delay_cycl$10       stm8_hd44780
     0000827E  Sstm8_hd44780$_delay_cycl$9        stm8_hd44780
     0000827E  XFstm8_hd44780$_delay_cycl$0$0     stm8_hd44780
     0000827F  A$stm8_hd44780$130                 stm8_hd44780
     0000827F  Sstm8_hd44780$_delay_cycl$11       stm8_hd44780
     0000827F  Sstm8_hd44780$_delay_us$12         stm8_hd44780
     0000827F  Sstm8_hd44780$_delay_us$13         stm8_hd44780
     0000827F  Sstm8_hd44780$_delay_us$14         stm8_hd44780
     00008281  A$stm8_hd44780$131                 stm8_hd44780
     00008282  A$stm8_hd44780$133                 stm8_hd44780
     00008284  A$stm8_hd44780$135                 stm8_hd44780
     00008284  Sstm8_hd44780$_delay_us$15         stm8_hd44780
     00008285  A$stm8_hd44780$138                 stm8_hd44780
     00008285  Sstm8_hd44780$_delay_us$16         stm8_hd44780
     00008287  A$stm8_hd44780$140                 stm8_hd44780
     00008287  Sstm8_hd44780$_delay_us$17         stm8_hd44780
     00008289  A$stm8_hd44780$142                 stm8_hd44780
     00008289  Sstm8_hd44780$_delay_us$18         stm8_hd44780
     0000828B  A$stm8_hd44780$144                 stm8_hd44780
     0000828B  Sstm8_hd44780$_delay_us$19         stm8_hd44780
     0000828D  A$stm8_hd44780$147                 stm8_hd44780
     0000828D  Sstm8_hd44780$_delay_us$20         stm8_hd44780
     00008290  A$stm8_hd44780$148                 stm8_hd44780
     00008292  A$stm8_hd44780$154                 stm8_hd44780
     00008292  Sstm8_hd44780$_delay_us$21         stm8_hd44780
     00008292  Sstm8_hd44780$_delay_us$22         stm8_hd44780
     00008294  A$stm8_hd44780$156                 stm8_hd44780
     00008294  Sstm8_hd44780$_delay_us$23         stm8_hd44780
     00008296  A$stm8_hd44780$158                 stm8_hd44780
     00008296  Sstm8_hd44780$_delay_us$24         stm8_hd44780
ASxxxx Linker V03.00 + NoICE + sdld,  page 19.
Hexadecimal  [32-Bits]

Area                                    Addr        Size        Decimal Bytes (Attributes)
--------------------------------        ----        ----        ------- ----- ------------
CODE                                000080C4    0000247E =        9342. bytes (REL,CON)

      Value  Global                              Global Defined In Module
      -----  --------------------------------   ------------------------
     00008298  A$stm8_hd44780$160                 stm8_hd44780
     00008298  Sstm8_hd44780$_delay_us$25         stm8_hd44780
     0000829A  A$stm8_hd44780$163                 stm8_hd44780
     0000829A  Sstm8_hd44780$_delay_us$26         stm8_hd44780
     0000829B  A$stm8_hd44780$165                 stm8_hd44780
     0000829B  Sstm8_hd44780$_delay_us$27         stm8_hd44780
     0000829D  A$stm8_hd44780$168                 stm8_hd44780
     0000829D  Sstm8_hd44780$_delay_us$28         stm8_hd44780
     000082A0  A$stm8_hd44780$169                 stm8_hd44780
     000082A2  A$stm8_hd44780$173                 stm8_hd44780
     000082A2  Sstm8_hd44780$_delay_us$29         stm8_hd44780
     000082A2  Sstm8_hd44780$_delay_us$30         stm8_hd44780
     000082A4  A$stm8_hd44780$174                 stm8_hd44780
     000082A5  A$stm8_hd44780$175                 stm8_hd44780
     000082A7  A$stm8_hd44780$176                 stm8_hd44780
     000082A8  A$stm8_hd44780$177                 stm8_hd44780
     000082AA  A$stm8_hd44780$178                 stm8_hd44780
     000082AB  A$stm8_hd44780$183                 stm8_hd44780
     000082AB  Sstm8_hd44780$_delay_us$31         stm8_hd44780
     000082AC  A$stm8_hd44780$191                 stm8_hd44780
     000082AC  Sstm8_hd44780$_delay_us$32         stm8_hd44780
     000082AC  Sstm8_hd44780$_delay_us$33         stm8_hd44780
     000082AD  A$stm8_hd44780$192                 stm8_hd44780
     000082AE  A$stm8_hd44780$202                 stm8_hd44780
     000082AE  Sstm8_hd44780$_delay_us$34         stm8_hd44780
     000082AE  Sstm8_hd44780$_delay_us$35         stm8_hd44780
     000082AE  Sstm8_hd44780$_delay_us$36         stm8_hd44780
     000082AF  A$stm8_hd44780$206                 stm8_hd44780
     000082AF  Sstm8_hd44780$_delay_us$37         stm8_hd44780
     000082B0  A$stm8_hd44780$207                 stm8_hd44780
     000082B2  A$stm8_hd44780$208                 stm8_hd44780
     000082B5  A$stm8_hd44780$212                 stm8_hd44780
     000082B6  A$stm8_hd44780$223                 stm8_hd44780
     000082B6  Sstm8_hd44780$_delay_us$38         stm8_hd44780
     000082B6  Sstm8_hd44780$_delay_us$39         stm8_hd44780
     000082B6  Sstm8_hd44780$_delay_us$40         stm8_hd44780
     000082B6  Sstm8_hd44780$_delay_us$41         stm8_hd44780
     000082B6  XFstm8_hd44780$_delay_us$0$0       stm8_hd44780
     000082B7  A$stm8_hd44780$235                 stm8_hd44780
     000082B7  Sstm8_hd44780$_delay_us$42         stm8_hd44780
     000082B7  Sstm8_hd44780$lcd_store_symbol$4   stm8_hd44780
     000082B7  Sstm8_hd44780$lcd_store_symbol$4   stm8_hd44780
     000082B7  _lcd_store_symbol                  stm8_hd44780
     000082B8  A$stm8_hd44780$241                 stm8_hd44780
     000082B8  Sstm8_hd44780$lcd_store_symbol$4   stm8_hd44780
     000082B8  Sstm8_hd44780$lcd_store_symbol$4   stm8_hd44780
     000082BA  A$stm8_hd44780$242                 stm8_hd44780
     000082BC  A$stm8_hd44780$243                 stm8_hd44780
     000082BE  A$stm8_hd44780$244                 stm8_hd44780
     000082C1  A$stm8_hd44780$248                 stm8_hd44780
     000082C4  A$stm8_hd44780$254                 stm8_hd44780
ASxxxx Linker V03.00 + NoICE + sdld,  page 20.
Hexadecimal  [32-Bits]

Area                                    Addr        Size        Decimal Bytes (Attributes)
--------------------------------        ----        ----        ------- ----- ------------
CODE                                000080C4    0000247E =        9342. bytes (REL,CON)

      Value  Global                              Global Defined In Module
      -----  --------------------------------   ------------------------
     000082C4  Sstm8_hd44780$lcd_store_symbol$4   stm8_hd44780
     000082C6  A$stm8_hd44780$255                 stm8_hd44780
     000082C8  A$stm8_hd44780$257                 stm8_hd44780
     000082C9  A$stm8_hd44780$260                 stm8_hd44780
     000082C9  Sstm8_hd44780$lcd_store_symbol$4   stm8_hd44780
     000082CC  A$stm8_hd44780$261                 stm8_hd44780
     000082CD  A$stm8_hd44780$266                 stm8_hd44780
     000082CD  Sstm8_hd44780$lcd_store_symbol$4   stm8_hd44780
     000082CD  Sstm8_hd44780$lcd_store_symbol$5   stm8_hd44780
     000082CF  A$stm8_hd44780$273                 stm8_hd44780
     000082CF  Sstm8_hd44780$lcd_store_symbol$5   stm8_hd44780
     000082CF  Sstm8_hd44780$lcd_store_symbol$5   stm8_hd44780
     000082D0  A$stm8_hd44780$274                 stm8_hd44780
     000082D2  A$stm8_hd44780$275                 stm8_hd44780
     000082D3  A$stm8_hd44780$276                 stm8_hd44780
     000082D6  A$stm8_hd44780$278                 stm8_hd44780
     000082D7  A$stm8_hd44780$280                 stm8_hd44780
     000082D8  A$stm8_hd44780$283                 stm8_hd44780
     000082D8  Sstm8_hd44780$lcd_store_symbol$5   stm8_hd44780
     000082DB  A$stm8_hd44780$284                 stm8_hd44780
     000082DC  A$stm8_hd44780$290                 stm8_hd44780
     000082DC  Sstm8_hd44780$lcd_store_symbol$5   stm8_hd44780
     000082DC  Sstm8_hd44780$lcd_store_symbol$5   stm8_hd44780
     000082DC  Sstm8_hd44780$lcd_store_symbol$5   stm8_hd44780
     000082DE  A$stm8_hd44780$293                 stm8_hd44780
     000082E0  A$stm8_hd44780$294                 stm8_hd44780
     000082E2  A$stm8_hd44780$295                 stm8_hd44780
     000082E4  A$stm8_hd44780$296                 stm8_hd44780
     000082E7  A$stm8_hd44780$302                 stm8_hd44780
     000082E7  Sstm8_hd44780$lcd_store_symbol$5   stm8_hd44780
     000082E9  A$stm8_hd44780$305                 stm8_hd44780
     000082E9  Sstm8_hd44780$lcd_store_symbol$5   stm8_hd44780
     000082EC  A$stm8_hd44780$306                 stm8_hd44780
     000082ED  A$stm8_hd44780$313                 stm8_hd44780
     000082ED  Sstm8_hd44780$lcd_store_symbol$5   stm8_hd44780
     000082ED  Sstm8_hd44780$lcd_store_symbol$6   stm8_hd44780
     000082EE  A$stm8_hd44780$317                 stm8_hd44780
     000082EE  Sstm8_hd44780$lcd_store_symbol$6   stm8_hd44780
     000082EE  Sstm8_hd44780$lcd_store_symbol$6   stm8_hd44780
     000082EE  XG$lcd_store_symbol$0$0            stm8_hd44780
     000082EF  A$stm8_hd44780$332                 stm8_hd44780
     000082EF  Sstm8_hd44780$lcd_puts$64          stm8_hd44780
     000082EF  Sstm8_hd44780$lcd_puts$65          stm8_hd44780
     000082EF  Sstm8_hd44780$lcd_puts$66          stm8_hd44780
     000082EF  Sstm8_hd44780$lcd_store_symbol$6   stm8_hd44780
     000082EF  _lcd_puts                          stm8_hd44780
     000082F1  A$stm8_hd44780$336                 stm8_hd44780
     000082F2  A$stm8_hd44780$338                 stm8_hd44780
     000082F3  A$stm8_hd44780$339                 stm8_hd44780
     000082F5  A$stm8_hd44780$340                 stm8_hd44780
     000082F8  A$stm8_hd44780$346                 stm8_hd44780
ASxxxx Linker V03.00 + NoICE + sdld,  page 21.
Hexadecimal  [32-Bits]

Area                                    Addr        Size        Decimal Bytes (Attributes)
--------------------------------        ----        ----        ------- ----- ------------
CODE                                000080C4    0000247E =        9342. bytes (REL,CON)

      Value  Global                              Global Defined In Module
      -----  --------------------------------   ------------------------
     000082F8  Sstm8_hd44780$lcd_puts$67          stm8_hd44780
     000082F8  Sstm8_hd44780$lcd_puts$68          stm8_hd44780
     000082F9  A$stm8_hd44780$348                 stm8_hd44780
     000082F9  Sstm8_hd44780$lcd_puts$69          stm8_hd44780
     000082FA  A$stm8_hd44780$351                 stm8_hd44780
     000082FA  Sstm8_hd44780$lcd_puts$70          stm8_hd44780
     000082FD  A$stm8_hd44780$352                 stm8_hd44780
     000082FE  A$stm8_hd44780$354                 stm8_hd44780
     000082FE  Sstm8_hd44780$lcd_puts$71          stm8_hd44780
     000082FF  A$stm8_hd44780$359                 stm8_hd44780
     000082FF  Sstm8_hd44780$lcd_puts$72          stm8_hd44780
     000082FF  Sstm8_hd44780$lcd_puts$73          stm8_hd44780
     00008300  A$stm8_hd44780$362                 stm8_hd44780
     00008300  Sstm8_hd44780$lcd_puts$74          stm8_hd44780
     00008303  A$stm8_hd44780$370                 stm8_hd44780
     00008303  Sstm8_hd44780$lcd_puts$75          stm8_hd44780
     00008303  Sstm8_hd44780$lcd_puts$76          stm8_hd44780
     00008303  XG$lcd_puts$0$0                    stm8_hd44780
     00008304  A$stm8_hd44780$385                 stm8_hd44780
     00008304  Sstm8_hd44780$lcd_init$78          stm8_hd44780
     00008304  Sstm8_hd44780$lcd_init$79          stm8_hd44780
     00008304  Sstm8_hd44780$lcd_init$80          stm8_hd44780
     00008304  Sstm8_hd44780$lcd_puts$77          stm8_hd44780
     00008304  _lcd_init                          stm8_hd44780
     00008307  A$stm8_hd44780$389                 stm8_hd44780
     00008307  Sstm8_hd44780$lcd_init$81          stm8_hd44780
     0000830A  A$stm8_hd44780$393                 stm8_hd44780
     0000830A  Sstm8_hd44780$lcd_init$82          stm8_hd44780
     0000830D  A$stm8_hd44780$397                 stm8_hd44780
     0000830D  Sstm8_hd44780$lcd_init$83          stm8_hd44780
     0000830E  A$stm8_hd44780$398                 stm8_hd44780
     0000830F  A$stm8_hd44780$408                 stm8_hd44780
     0000830F  Sstm8_hd44780$lcd_init$84          stm8_hd44780
     0000830F  Sstm8_hd44780$lcd_init$85          stm8_hd44780
     0000830F  Sstm8_hd44780$lcd_init$86          stm8_hd44780
     00008310  A$stm8_hd44780$412                 stm8_hd44780
     00008310  Sstm8_hd44780$lcd_init$87          stm8_hd44780
     00008311  A$stm8_hd44780$413                 stm8_hd44780
     00008313  A$stm8_hd44780$414                 stm8_hd44780
     00008316  A$stm8_hd44780$418                 stm8_hd44780
     00008317  A$stm8_hd44780$423                 stm8_hd44780
     00008317  Sstm8_hd44780$lcd_init$88          stm8_hd44780
     00008317  Sstm8_hd44780$lcd_init$89          stm8_hd44780
     00008319  A$stm8_hd44780$426                 stm8_hd44780
     00008319  Sstm8_hd44780$lcd_init$90          stm8_hd44780
     0000831C  A$stm8_hd44780$427                 stm8_hd44780
     0000831D  A$stm8_hd44780$432                 stm8_hd44780
     0000831D  Sstm8_hd44780$lcd_init$91          stm8_hd44780
     0000831D  Sstm8_hd44780$lcd_init$92          stm8_hd44780
     00008320  A$stm8_hd44780$436                 stm8_hd44780
     00008320  Sstm8_hd44780$lcd_init$93          stm8_hd44780
ASxxxx Linker V03.00 + NoICE + sdld,  page 22.
Hexadecimal  [32-Bits]

Area                                    Addr        Size        Decimal Bytes (Attributes)
--------------------------------        ----        ----        ------- ----- ------------
CODE                                000080C4    0000247E =        9342. bytes (REL,CON)

      Value  Global                              Global Defined In Module
      -----  --------------------------------   ------------------------
     00008323  A$stm8_hd44780$440                 stm8_hd44780
     00008323  Sstm8_hd44780$lcd_init$94          stm8_hd44780
     00008324  A$stm8_hd44780$441                 stm8_hd44780
     00008325  A$stm8_hd44780$451                 stm8_hd44780
     00008325  Sstm8_hd44780$lcd_init$95          stm8_hd44780
     00008325  Sstm8_hd44780$lcd_init$96          stm8_hd44780
     00008325  Sstm8_hd44780$lcd_init$97          stm8_hd44780
     00008326  A$stm8_hd44780$455                 stm8_hd44780
     00008326  Sstm8_hd44780$lcd_init$98          stm8_hd44780
     00008327  A$stm8_hd44780$456                 stm8_hd44780
     00008329  A$stm8_hd44780$457                 stm8_hd44780
     0000832C  A$stm8_hd44780$461                 stm8_hd44780
     0000832D  A$stm8_hd44780$466                 stm8_hd44780
     0000832D  Sstm8_hd44780$lcd_init$100         stm8_hd44780
     0000832D  Sstm8_hd44780$lcd_init$99          stm8_hd44780
     0000832F  A$stm8_hd44780$469                 stm8_hd44780
     0000832F  Sstm8_hd44780$lcd_init$101         stm8_hd44780
     00008332  A$stm8_hd44780$470                 stm8_hd44780
     00008333  A$stm8_hd44780$475                 stm8_hd44780
     00008333  Sstm8_hd44780$lcd_init$102         stm8_hd44780
     00008333  Sstm8_hd44780$lcd_init$103         stm8_hd44780
     00008336  A$stm8_hd44780$479                 stm8_hd44780
     00008336  Sstm8_hd44780$lcd_init$104         stm8_hd44780
     00008339  A$stm8_hd44780$483                 stm8_hd44780
     00008339  Sstm8_hd44780$lcd_init$105         stm8_hd44780
     0000833A  A$stm8_hd44780$484                 stm8_hd44780
     0000833B  A$stm8_hd44780$494                 stm8_hd44780
     0000833B  Sstm8_hd44780$lcd_init$106         stm8_hd44780
     0000833B  Sstm8_hd44780$lcd_init$107         stm8_hd44780
     0000833B  Sstm8_hd44780$lcd_init$108         stm8_hd44780
     0000833C  A$stm8_hd44780$498                 stm8_hd44780
     0000833C  Sstm8_hd44780$lcd_init$109         stm8_hd44780
     0000833D  A$stm8_hd44780$499                 stm8_hd44780
     0000833F  A$stm8_hd44780$500                 stm8_hd44780
     00008342  A$stm8_hd44780$504                 stm8_hd44780
     00008343  A$stm8_hd44780$509                 stm8_hd44780
     00008343  Sstm8_hd44780$lcd_init$110         stm8_hd44780
     00008343  Sstm8_hd44780$lcd_init$111         stm8_hd44780
     00008345  A$stm8_hd44780$512                 stm8_hd44780
     00008345  Sstm8_hd44780$lcd_init$112         stm8_hd44780
     00008348  A$stm8_hd44780$513                 stm8_hd44780
     00008349  A$stm8_hd44780$518                 stm8_hd44780
     00008349  Sstm8_hd44780$lcd_init$113         stm8_hd44780
     00008349  Sstm8_hd44780$lcd_init$114         stm8_hd44780
     0000834C  A$stm8_hd44780$522                 stm8_hd44780
     0000834C  Sstm8_hd44780$lcd_init$115         stm8_hd44780
     0000834E  A$stm8_hd44780$525                 stm8_hd44780
     0000834E  Sstm8_hd44780$lcd_init$116         stm8_hd44780
     00008351  A$stm8_hd44780$526                 stm8_hd44780
     00008352  A$stm8_hd44780$531                 stm8_hd44780
     00008352  Sstm8_hd44780$lcd_init$117         stm8_hd44780
ASxxxx Linker V03.00 + NoICE + sdld,  page 23.
Hexadecimal  [32-Bits]

Area                                    Addr        Size        Decimal Bytes (Attributes)
--------------------------------        ----        ----        ------- ----- ------------
CODE                                000080C4    0000247E =        9342. bytes (REL,CON)

      Value  Global                              Global Defined In Module
      -----  --------------------------------   ------------------------
     00008352  Sstm8_hd44780$lcd_init$118         stm8_hd44780
     00008355  A$stm8_hd44780$535                 stm8_hd44780
     00008355  Sstm8_hd44780$lcd_init$119         stm8_hd44780
     00008358  A$stm8_hd44780$539                 stm8_hd44780
     00008358  Sstm8_hd44780$lcd_init$120         stm8_hd44780
     00008359  A$stm8_hd44780$540                 stm8_hd44780
     0000835A  A$stm8_hd44780$550                 stm8_hd44780
     0000835A  Sstm8_hd44780$lcd_init$121         stm8_hd44780
     0000835A  Sstm8_hd44780$lcd_init$122         stm8_hd44780
     0000835A  Sstm8_hd44780$lcd_init$123         stm8_hd44780
     0000835B  A$stm8_hd44780$554                 stm8_hd44780
     0000835B  Sstm8_hd44780$lcd_init$124         stm8_hd44780
     0000835C  A$stm8_hd44780$555                 stm8_hd44780
     0000835E  A$stm8_hd44780$556                 stm8_hd44780
     00008361  A$stm8_hd44780$560                 stm8_hd44780
     00008362  A$stm8_hd44780$565                 stm8_hd44780
     00008362  Sstm8_hd44780$lcd_init$125         stm8_hd44780
     00008362  Sstm8_hd44780$lcd_init$126         stm8_hd44780
     00008364  A$stm8_hd44780$568                 stm8_hd44780
     00008364  Sstm8_hd44780$lcd_init$127         stm8_hd44780
     00008367  A$stm8_hd44780$569                 stm8_hd44780
     00008368  A$stm8_hd44780$574                 stm8_hd44780
     00008368  Sstm8_hd44780$lcd_init$128         stm8_hd44780
     00008368  Sstm8_hd44780$lcd_init$129         stm8_hd44780
     0000836A  A$stm8_hd44780$577                 stm8_hd44780
     0000836A  Sstm8_hd44780$lcd_init$130         stm8_hd44780
     0000836D  A$stm8_hd44780$578                 stm8_hd44780
     0000836E  A$stm8_hd44780$583                 stm8_hd44780
     0000836E  Sstm8_hd44780$lcd_init$131         stm8_hd44780
     0000836E  Sstm8_hd44780$lcd_init$132         stm8_hd44780
     00008370  A$stm8_hd44780$586                 stm8_hd44780
     00008370  Sstm8_hd44780$lcd_init$133         stm8_hd44780
     00008373  A$stm8_hd44780$587                 stm8_hd44780
     00008374  A$stm8_hd44780$592                 stm8_hd44780
     00008374  Sstm8_hd44780$lcd_init$134         stm8_hd44780
     00008374  Sstm8_hd44780$lcd_init$135         stm8_hd44780
     00008376  A$stm8_hd44780$595                 stm8_hd44780
     00008376  Sstm8_hd44780$lcd_init$136         stm8_hd44780
     00008379  A$stm8_hd44780$596                 stm8_hd44780
     0000837A  A$stm8_hd44780$601                 stm8_hd44780
     0000837A  Sstm8_hd44780$lcd_init$137         stm8_hd44780
     0000837A  Sstm8_hd44780$lcd_init$138         stm8_hd44780
     0000837C  A$stm8_hd44780$604                 stm8_hd44780
     0000837C  Sstm8_hd44780$lcd_init$139         stm8_hd44780
     0000837F  A$stm8_hd44780$605                 stm8_hd44780
     00008380  A$stm8_hd44780$610                 stm8_hd44780
     00008380  Sstm8_hd44780$lcd_init$140         stm8_hd44780
     00008380  Sstm8_hd44780$lcd_init$141         stm8_hd44780
     00008382  A$stm8_hd44780$613                 stm8_hd44780
     00008382  Sstm8_hd44780$lcd_init$142         stm8_hd44780
     00008385  A$stm8_hd44780$614                 stm8_hd44780
ASxxxx Linker V03.00 + NoICE + sdld,  page 24.
Hexadecimal  [32-Bits]

Area                                    Addr        Size        Decimal Bytes (Attributes)
--------------------------------        ----        ----        ------- ----- ------------
CODE                                000080C4    0000247E =        9342. bytes (REL,CON)

      Value  Global                              Global Defined In Module
      -----  --------------------------------   ------------------------
     00008386  A$stm8_hd44780$623                 stm8_hd44780
     00008386  Sstm8_hd44780$lcd_init$143         stm8_hd44780
     00008386  Sstm8_hd44780$lcd_init$144         stm8_hd44780
     00008386  Sstm8_hd44780$lcd_init$145         stm8_hd44780
     00008386  XG$lcd_init$0$0                    stm8_hd44780
     00008387  A$stm8_hd44780$638                 stm8_hd44780
     00008387  Sstm8_hd44780$lcd_gotoxy$147       stm8_hd44780
     00008387  Sstm8_hd44780$lcd_gotoxy$148       stm8_hd44780
     00008387  Sstm8_hd44780$lcd_gotoxy$149       stm8_hd44780
     00008387  Sstm8_hd44780$lcd_init$146         stm8_hd44780
     00008387  _lcd_gotoxy                        stm8_hd44780
     00008388  A$stm8_hd44780$643                 stm8_hd44780
     00008388  Sstm8_hd44780$lcd_gotoxy$150       stm8_hd44780
     0000838A  A$stm8_hd44780$644                 stm8_hd44780
     0000838C  A$stm8_hd44780$645                 stm8_hd44780
     0000838E  A$stm8_hd44780$646                 stm8_hd44780
     00008391  A$stm8_hd44780$651                 stm8_hd44780
     00008391  Sstm8_hd44780$lcd_gotoxy$151       stm8_hd44780
     00008393  A$stm8_hd44780$652                 stm8_hd44780
     00008395  A$stm8_hd44780$659                 stm8_hd44780
     00008395  Sstm8_hd44780$lcd_gotoxy$152       stm8_hd44780
     00008395  Sstm8_hd44780$lcd_gotoxy$153       stm8_hd44780
     00008397  A$stm8_hd44780$660                 stm8_hd44780
     00008399  A$stm8_hd44780$661                 stm8_hd44780
     0000839C  A$stm8_hd44780$665                 stm8_hd44780
     0000839C  Sstm8_hd44780$lcd_gotoxy$154       stm8_hd44780
     0000839D  A$stm8_hd44780$668                 stm8_hd44780
     0000839D  Sstm8_hd44780$lcd_gotoxy$155       stm8_hd44780
     000083A0  A$stm8_hd44780$674                 stm8_hd44780
     000083A0  Sstm8_hd44780$lcd_gotoxy$156       stm8_hd44780
     000083A2  A$stm8_hd44780$675                 stm8_hd44780
     000083A3  A$stm8_hd44780$676                 stm8_hd44780
     000083A5  A$stm8_hd44780$677                 stm8_hd44780
     000083A8  A$stm8_hd44780$679                 stm8_hd44780
     000083AB  A$stm8_hd44780$685                 stm8_hd44780
     000083AB  Sstm8_hd44780$lcd_gotoxy$157       stm8_hd44780
     000083AB  Sstm8_hd44780$lcd_gotoxy$158       stm8_hd44780
     000083AD  A$stm8_hd44780$686                 stm8_hd44780
     000083AE  A$stm8_hd44780$693                 stm8_hd44780
     000083AE  Sstm8_hd44780$lcd_gotoxy$159       stm8_hd44780
     000083AE  Sstm8_hd44780$lcd_gotoxy$160       stm8_hd44780
     000083AF  A$stm8_hd44780$694                 stm8_hd44780
     000083B1  A$stm8_hd44780$699                 stm8_hd44780
     000083B1  Sstm8_hd44780$lcd_gotoxy$161       stm8_hd44780
     000083B3  A$stm8_hd44780$701                 stm8_hd44780
     000083B4  A$stm8_hd44780$704                 stm8_hd44780
     000083B4  Sstm8_hd44780$lcd_gotoxy$162       stm8_hd44780
     000083B7  A$stm8_hd44780$705                 stm8_hd44780
     000083B8  A$stm8_hd44780$714                 stm8_hd44780
     000083B8  Sstm8_hd44780$lcd_gotoxy$163       stm8_hd44780
     000083B8  Sstm8_hd44780$lcd_gotoxy$164       stm8_hd44780
ASxxxx Linker V03.00 + NoICE + sdld,  page 25.
Hexadecimal  [32-Bits]

Area                                    Addr        Size        Decimal Bytes (Attributes)
--------------------------------        ----        ----        ------- ----- ------------
CODE                                000080C4    0000247E =        9342. bytes (REL,CON)

      Value  Global                              Global Defined In Module
      -----  --------------------------------   ------------------------
     000083B8  Sstm8_hd44780$lcd_gotoxy$165       stm8_hd44780
     000083B8  XG$lcd_gotoxy$0$0                  stm8_hd44780
     000083B9  A$stm8_hd44780$729                 stm8_hd44780
     000083B9  Sstm8_hd44780$lcd_gotoxy$166       stm8_hd44780
     000083B9  Sstm8_hd44780$lcd_init_hw$167      stm8_hd44780
     000083B9  Sstm8_hd44780$lcd_init_hw$168      stm8_hd44780
     000083B9  Sstm8_hd44780$lcd_init_hw$169      stm8_hd44780
     000083B9  _lcd_init_hw                       stm8_hd44780
     000083BB  A$stm8_hd44780$732                 stm8_hd44780
     000083BB  Sstm8_hd44780$lcd_init_hw$170      stm8_hd44780
     000083BD  A$stm8_hd44780$735                 stm8_hd44780
     000083BD  Sstm8_hd44780$lcd_init_hw$171      stm8_hd44780
     000083BF  A$stm8_hd44780$737                 stm8_hd44780
     000083BF  Sstm8_hd44780$lcd_init_hw$172      stm8_hd44780
     000083C1  A$stm8_hd44780$740                 stm8_hd44780
     000083C1  Sstm8_hd44780$lcd_init_hw$173      stm8_hd44780
     000083C4  A$stm8_hd44780$741                 stm8_hd44780
     000083C6  A$stm8_hd44780$746                 stm8_hd44780
     000083C6  Sstm8_hd44780$lcd_init_hw$174      stm8_hd44780
     000083C6  Sstm8_hd44780$lcd_init_hw$175      stm8_hd44780
     000083C8  A$stm8_hd44780$749                 stm8_hd44780
     000083C8  Sstm8_hd44780$lcd_init_hw$176      stm8_hd44780
     000083CA  A$stm8_hd44780$752                 stm8_hd44780
     000083CA  Sstm8_hd44780$lcd_init_hw$177      stm8_hd44780
     000083CC  A$stm8_hd44780$754                 stm8_hd44780
     000083CC  Sstm8_hd44780$lcd_init_hw$178      stm8_hd44780
     000083CE  A$stm8_hd44780$757                 stm8_hd44780
     000083CE  Sstm8_hd44780$lcd_init_hw$179      stm8_hd44780
     000083D1  A$stm8_hd44780$758                 stm8_hd44780
     000083D3  A$stm8_hd44780$763                 stm8_hd44780
     000083D3  Sstm8_hd44780$lcd_init_hw$180      stm8_hd44780
     000083D3  Sstm8_hd44780$lcd_init_hw$181      stm8_hd44780
     000083D5  A$stm8_hd44780$766                 stm8_hd44780
     000083D5  Sstm8_hd44780$lcd_init_hw$182      stm8_hd44780
     000083D7  A$stm8_hd44780$769                 stm8_hd44780
     000083D7  Sstm8_hd44780$lcd_init_hw$183      stm8_hd44780
     000083D9  A$stm8_hd44780$771                 stm8_hd44780
     000083D9  Sstm8_hd44780$lcd_init_hw$184      stm8_hd44780
     000083DB  A$stm8_hd44780$774                 stm8_hd44780
     000083DB  Sstm8_hd44780$lcd_init_hw$185      stm8_hd44780
     000083DE  A$stm8_hd44780$775                 stm8_hd44780
     000083E0  A$stm8_hd44780$780                 stm8_hd44780
     000083E0  Sstm8_hd44780$lcd_init_hw$186      stm8_hd44780
     000083E0  Sstm8_hd44780$lcd_init_hw$187      stm8_hd44780
     000083E3  A$stm8_hd44780$788                 stm8_hd44780
     000083E3  Sstm8_hd44780$lcd_init_hw$188      stm8_hd44780
     000083E3  Sstm8_hd44780$lcd_init_hw$189      stm8_hd44780
     000083E3  XG$lcd_init_hw$0$0                 stm8_hd44780
     000083E4  A$stm8_hd44780$803                 stm8_hd44780
     000083E4  Sstm8_hd44780$lcd_bus_outputs$19   stm8_hd44780
     000083E4  Sstm8_hd44780$lcd_bus_outputs$19   stm8_hd44780
ASxxxx Linker V03.00 + NoICE + sdld,  page 26.
Hexadecimal  [32-Bits]

Area                                    Addr        Size        Decimal Bytes (Attributes)
--------------------------------        ----        ----        ------- ----- ------------
CODE                                000080C4    0000247E =        9342. bytes (REL,CON)

      Value  Global                              Global Defined In Module
      -----  --------------------------------   ------------------------
     000083E4  Sstm8_hd44780$lcd_bus_outputs$19   stm8_hd44780
     000083E4  Sstm8_hd44780$lcd_init_hw$190      stm8_hd44780
     000083E4  _lcd_bus_outputs                   stm8_hd44780
     000083E6  A$stm8_hd44780$806                 stm8_hd44780
     000083E6  Sstm8_hd44780$lcd_bus_outputs$19   stm8_hd44780
     000083E8  A$stm8_hd44780$809                 stm8_hd44780
     000083E8  Sstm8_hd44780$lcd_bus_outputs$19   stm8_hd44780
     000083EA  A$stm8_hd44780$811                 stm8_hd44780
     000083EA  Sstm8_hd44780$lcd_bus_outputs$19   stm8_hd44780
     000083EC  A$stm8_hd44780$814                 stm8_hd44780
     000083EC  Sstm8_hd44780$lcd_bus_outputs$19   stm8_hd44780
     000083EF  A$stm8_hd44780$815                 stm8_hd44780
     000083F1  A$stm8_hd44780$820                 stm8_hd44780
     000083F1  Sstm8_hd44780$lcd_bus_outputs$19   stm8_hd44780
     000083F1  Sstm8_hd44780$lcd_bus_outputs$19   stm8_hd44780
     000083F3  A$stm8_hd44780$823                 stm8_hd44780
     000083F3  Sstm8_hd44780$lcd_bus_outputs$20   stm8_hd44780
     000083F5  A$stm8_hd44780$826                 stm8_hd44780
     000083F5  Sstm8_hd44780$lcd_bus_outputs$20   stm8_hd44780
     000083F7  A$stm8_hd44780$828                 stm8_hd44780
     000083F7  Sstm8_hd44780$lcd_bus_outputs$20   stm8_hd44780
     000083F9  A$stm8_hd44780$831                 stm8_hd44780
     000083F9  Sstm8_hd44780$lcd_bus_outputs$20   stm8_hd44780
     000083FC  A$stm8_hd44780$832                 stm8_hd44780
     000083FE  A$stm8_hd44780$837                 stm8_hd44780
     000083FE  Sstm8_hd44780$lcd_bus_outputs$20   stm8_hd44780
     000083FE  Sstm8_hd44780$lcd_bus_outputs$20   stm8_hd44780
     00008400  A$stm8_hd44780$840                 stm8_hd44780
     00008400  Sstm8_hd44780$lcd_bus_outputs$20   stm8_hd44780
     00008402  A$stm8_hd44780$843                 stm8_hd44780
     00008402  Sstm8_hd44780$lcd_bus_outputs$20   stm8_hd44780
     00008404  A$stm8_hd44780$845                 stm8_hd44780
     00008404  Sstm8_hd44780$lcd_bus_outputs$20   stm8_hd44780
     00008406  A$stm8_hd44780$848                 stm8_hd44780
     00008406  Sstm8_hd44780$lcd_bus_outputs$20   stm8_hd44780
     00008409  A$stm8_hd44780$849                 stm8_hd44780
     0000840B  A$stm8_hd44780$854                 stm8_hd44780
     0000840B  Sstm8_hd44780$lcd_bus_outputs$21   stm8_hd44780
     0000840B  Sstm8_hd44780$lcd_bus_outputs$21   stm8_hd44780
     0000840D  A$stm8_hd44780$857                 stm8_hd44780
     0000840D  Sstm8_hd44780$lcd_bus_outputs$21   stm8_hd44780
     0000840F  A$stm8_hd44780$860                 stm8_hd44780
     0000840F  Sstm8_hd44780$lcd_bus_outputs$21   stm8_hd44780
     00008411  A$stm8_hd44780$862                 stm8_hd44780
     00008411  Sstm8_hd44780$lcd_bus_outputs$21   stm8_hd44780
     00008413  A$stm8_hd44780$865                 stm8_hd44780
     00008413  Sstm8_hd44780$lcd_bus_outputs$21   stm8_hd44780
     00008416  A$stm8_hd44780$866                 stm8_hd44780
     00008418  A$stm8_hd44780$875                 stm8_hd44780
     00008418  Sstm8_hd44780$lcd_bus_outputs$21   stm8_hd44780
     00008418  Sstm8_hd44780$lcd_bus_outputs$21   stm8_hd44780
ASxxxx Linker V03.00 + NoICE + sdld,  page 27.
Hexadecimal  [32-Bits]

Area                                    Addr        Size        Decimal Bytes (Attributes)
--------------------------------        ----        ----        ------- ----- ------------
CODE                                000080C4    0000247E =        9342. bytes (REL,CON)

      Value  Global                              Global Defined In Module
      -----  --------------------------------   ------------------------
     00008418  Sstm8_hd44780$lcd_bus_outputs$21   stm8_hd44780
     00008418  XG$lcd_bus_outputs$0$0             stm8_hd44780
     00008419  A$stm8_hd44780$890                 stm8_hd44780
     00008419  Sstm8_hd44780$lcd_bus_inputs$220   stm8_hd44780
     00008419  Sstm8_hd44780$lcd_bus_inputs$221   stm8_hd44780
     00008419  Sstm8_hd44780$lcd_bus_inputs$222   stm8_hd44780
     00008419  Sstm8_hd44780$lcd_bus_outputs$21   stm8_hd44780
     00008419  _lcd_bus_inputs                    stm8_hd44780
     0000841B  A$stm8_hd44780$893                 stm8_hd44780
     0000841B  Sstm8_hd44780$lcd_bus_inputs$223   stm8_hd44780
     0000841D  A$stm8_hd44780$896                 stm8_hd44780
     0000841D  Sstm8_hd44780$lcd_bus_inputs$224   stm8_hd44780
     0000841F  A$stm8_hd44780$898                 stm8_hd44780
     0000841F  Sstm8_hd44780$lcd_bus_inputs$225   stm8_hd44780
     00008421  A$stm8_hd44780$901                 stm8_hd44780
     00008421  Sstm8_hd44780$lcd_bus_inputs$226   stm8_hd44780
     00008424  A$stm8_hd44780$902                 stm8_hd44780
     00008426  A$stm8_hd44780$907                 stm8_hd44780
     00008426  Sstm8_hd44780$lcd_bus_inputs$227   stm8_hd44780
     00008426  Sstm8_hd44780$lcd_bus_inputs$228   stm8_hd44780
     00008428  A$stm8_hd44780$910                 stm8_hd44780
     00008428  Sstm8_hd44780$lcd_bus_inputs$229   stm8_hd44780
     0000842A  A$stm8_hd44780$913                 stm8_hd44780
     0000842A  Sstm8_hd44780$lcd_bus_inputs$230   stm8_hd44780
     0000842C  A$stm8_hd44780$915                 stm8_hd44780
     0000842C  Sstm8_hd44780$lcd_bus_inputs$231   stm8_hd44780
     0000842E  A$stm8_hd44780$918                 stm8_hd44780
     0000842E  Sstm8_hd44780$lcd_bus_inputs$232   stm8_hd44780
     00008431  A$stm8_hd44780$919                 stm8_hd44780
     00008433  A$stm8_hd44780$924                 stm8_hd44780
     00008433  Sstm8_hd44780$lcd_bus_inputs$233   stm8_hd44780
     00008433  Sstm8_hd44780$lcd_bus_inputs$234   stm8_hd44780
     00008435  A$stm8_hd44780$927                 stm8_hd44780
     00008435  Sstm8_hd44780$lcd_bus_inputs$235   stm8_hd44780
     00008437  A$stm8_hd44780$930                 stm8_hd44780
     00008437  Sstm8_hd44780$lcd_bus_inputs$236   stm8_hd44780
     00008439  A$stm8_hd44780$932                 stm8_hd44780
     00008439  Sstm8_hd44780$lcd_bus_inputs$237   stm8_hd44780
     0000843B  A$stm8_hd44780$935                 stm8_hd44780
     0000843B  Sstm8_hd44780$lcd_bus_inputs$238   stm8_hd44780
     0000843E  A$stm8_hd44780$936                 stm8_hd44780
     00008440  A$stm8_hd44780$941                 stm8_hd44780
     00008440  Sstm8_hd44780$lcd_bus_inputs$239   stm8_hd44780
     00008440  Sstm8_hd44780$lcd_bus_inputs$240   stm8_hd44780
     00008442  A$stm8_hd44780$944                 stm8_hd44780
     00008442  Sstm8_hd44780$lcd_bus_inputs$241   stm8_hd44780
     00008444  A$stm8_hd44780$947                 stm8_hd44780
     00008444  Sstm8_hd44780$lcd_bus_inputs$242   stm8_hd44780
     00008446  A$stm8_hd44780$949                 stm8_hd44780
     00008446  Sstm8_hd44780$lcd_bus_inputs$243   stm8_hd44780
     00008448  A$stm8_hd44780$952                 stm8_hd44780
ASxxxx Linker V03.00 + NoICE + sdld,  page 28.
Hexadecimal  [32-Bits]

Area                                    Addr        Size        Decimal Bytes (Attributes)
--------------------------------        ----        ----        ------- ----- ------------
CODE                                000080C4    0000247E =        9342. bytes (REL,CON)

      Value  Global                              Global Defined In Module
      -----  --------------------------------   ------------------------
     00008448  Sstm8_hd44780$lcd_bus_inputs$244   stm8_hd44780
     0000844B  A$stm8_hd44780$953                 stm8_hd44780
     0000844D  A$stm8_hd44780$962                 stm8_hd44780
     0000844D  Sstm8_hd44780$lcd_bus_inputs$245   stm8_hd44780
     0000844D  Sstm8_hd44780$lcd_bus_inputs$246   stm8_hd44780
     0000844D  Sstm8_hd44780$lcd_bus_inputs$247   stm8_hd44780
     0000844D  XG$lcd_bus_inputs$0$0              stm8_hd44780
     0000844E  A$stm8_hd44780$977                 stm8_hd44780
     0000844E  Sstm8_hd44780$lcd_bus_inputs$248   stm8_hd44780
     0000844E  Sstm8_hd44780$lcd_deinit_hw$249    stm8_hd44780
     0000844E  Sstm8_hd44780$lcd_deinit_hw$250    stm8_hd44780
     0000844E  Sstm8_hd44780$lcd_deinit_hw$251    stm8_hd44780
     0000844E  _lcd_deinit_hw                     stm8_hd44780
     00008450  A$stm8_hd44780$980                 stm8_hd44780
     00008450  Sstm8_hd44780$lcd_deinit_hw$252    stm8_hd44780
     00008452  A$stm8_hd44780$983                 stm8_hd44780
     00008452  Sstm8_hd44780$lcd_deinit_hw$253    stm8_hd44780
     00008454  A$stm8_hd44780$985                 stm8_hd44780
     00008454  Sstm8_hd44780$lcd_deinit_hw$254    stm8_hd44780
     00008456  A$stm8_hd44780$988                 stm8_hd44780
     00008456  Sstm8_hd44780$lcd_deinit_hw$255    stm8_hd44780
     00008459  A$stm8_hd44780$989                 stm8_hd44780
     0000845B  A$stm8_hd44780$994                 stm8_hd44780
     0000845B  Sstm8_hd44780$lcd_deinit_hw$256    stm8_hd44780
     0000845B  Sstm8_hd44780$lcd_deinit_hw$257    stm8_hd44780
     0000845D  A$stm8_hd44780$997                 stm8_hd44780
     0000845D  Sstm8_hd44780$lcd_deinit_hw$258    stm8_hd44780
     0000845F  A$stm8_hd44780$1000                stm8_hd44780
     0000845F  Sstm8_hd44780$lcd_deinit_hw$259    stm8_hd44780
     00008461  A$stm8_hd44780$1002                stm8_hd44780
     00008461  Sstm8_hd44780$lcd_deinit_hw$260    stm8_hd44780
     00008463  A$stm8_hd44780$1005                stm8_hd44780
     00008463  Sstm8_hd44780$lcd_deinit_hw$261    stm8_hd44780
     00008466  A$stm8_hd44780$1006                stm8_hd44780
[...]
     0000A358  A$stm8s_tim2$2423                  stm8s_tim2
     0000A358  Sstm8s_tim2$TIM2_GetFlagStatus$5   stm8s_tim2
     0000A358  Sstm8s_tim2$TIM2_GetFlagStatus$5   stm8s_tim2
     0000A359  A$stm8s_tim2$2435                  stm8s_tim2
     0000A359  Sstm8s_tim2$TIM2_GetFlagStatus$5   stm8s_tim2
     0000A359  Sstm8s_tim2$TIM2_GetFlagStatus$5   stm8s_tim2
     0000A359  Sstm8s_tim2$TIM2_GetFlagStatus$5   stm8s_tim2
     0000A35B  A$stm8s_tim2$2439                  stm8s_tim2
     0000A35B  Sstm8s_tim2$TIM2_GetFlagStatus$5   stm8s_tim2
     0000A35B  Sstm8s_tim2$TIM2_GetFlagStatus$5   stm8s_tim2
     0000A35B  XG$TIM2_GetFlagStatus$0$0          stm8s_tim2
     0000A35C  A$stm8s_tim2$2455                  stm8s_tim2
     0000A35C  Sstm8s_tim2$TIM2_ClearFlag$559     stm8s_tim2
     0000A35C  Sstm8s_tim2$TIM2_ClearFlag$560     stm8s_tim2
     0000A35C  Sstm8s_tim2$TIM2_ClearFlag$561     stm8s_tim2
     0000A35C  Sstm8s_tim2$TIM2_GetFlagStatus$5   stm8s_tim2
     0000A35C  _TIM2_ClearFlag                    stm8s_tim2
     0000A35E  A$stm8s_tim2$2457                  stm8s_tim2
     0000A35F  A$stm8s_tim2$2459                  stm8s_tim2
     0000A362  A$stm8s_tim2$2463                  stm8s_tim2
     0000A362  Sstm8s_tim2$TIM2_ClearFlag$562     stm8s_tim2
     0000A366  A$stm8s_tim2$2471                  stm8s_tim2
ASxxxx Linker V03.00 + NoICE + sdld,  page 175.
Hexadecimal  [32-Bits]

Area                                    Addr        Size        Decimal Bytes (Attributes)
--------------------------------        ----        ----        ------- ----- ------------
CODE                                000080C4    0000247E =        9342. bytes (REL,CON)

      Value  Global                              Global Defined In Module
      -----  --------------------------------   ------------------------
     0000A366  Sstm8s_tim2$TIM2_ClearFlag$563     stm8s_tim2
     0000A366  Sstm8s_tim2$TIM2_ClearFlag$564     stm8s_tim2
     0000A366  XG$TIM2_ClearFlag$0$0              stm8s_tim2
     0000A367  A$stm8s_tim2$2483                  stm8s_tim2
     0000A367  Sstm8s_tim2$TIM2_ClearFlag$565     stm8s_tim2
     0000A367  Sstm8s_tim2$TIM2_GetITStatus$566   stm8s_tim2
     0000A367  Sstm8s_tim2$TIM2_GetITStatus$567   stm8s_tim2
     0000A367  _TIM2_GetITStatus                  stm8s_tim2
     0000A368  A$stm8s_tim2$2488                  stm8s_tim2
     0000A368  Sstm8s_tim2$TIM2_GetITStatus$568   stm8s_tim2
     0000A368  Sstm8s_tim2$TIM2_GetITStatus$569   stm8s_tim2
     0000A36B  A$stm8s_tim2$2490                  stm8s_tim2
     0000A36D  A$stm8s_tim2$2492                  stm8s_tim2
     0000A36F  A$stm8s_tim2$2496                  stm8s_tim2
     0000A36F  Sstm8s_tim2$TIM2_GetITStatus$570   stm8s_tim2
     0000A372  A$stm8s_tim2$2498                  stm8s_tim2
     0000A374  A$stm8s_tim2$2503                  stm8s_tim2
     0000A374  Sstm8s_tim2$TIM2_GetITStatus$571   stm8s_tim2
     0000A376  A$stm8s_tim2$2504                  stm8s_tim2
     0000A378  A$stm8s_tim2$2505                  stm8s_tim2
     0000A37B  A$stm8s_tim2$2508                  stm8s_tim2
     0000A37C  A$stm8s_tim2$2509                  stm8s_tim2
     0000A37E  A$stm8s_tim2$2510                  stm8s_tim2
     0000A381  A$stm8s_tim2$2516                  stm8s_tim2
     0000A381  Sstm8s_tim2$TIM2_GetITStatus$572   stm8s_tim2
     0000A381  Sstm8s_tim2$TIM2_GetITStatus$573   stm8s_tim2
     0000A383  A$stm8s_tim2$2519                  stm8s_tim2
     0000A383  Sstm8s_tim2$TIM2_GetITStatus$574   stm8s_tim2
     0000A386  A$stm8s_tim2$2526                  stm8s_tim2
     0000A386  Sstm8s_tim2$TIM2_GetITStatus$575   stm8s_tim2
     0000A386  Sstm8s_tim2$TIM2_GetITStatus$576   stm8s_tim2
     0000A387  A$stm8s_tim2$2538                  stm8s_tim2
     0000A387  Sstm8s_tim2$TIM2_GetITStatus$577   stm8s_tim2
     0000A387  Sstm8s_tim2$TIM2_GetITStatus$578   stm8s_tim2
     0000A387  Sstm8s_tim2$TIM2_GetITStatus$579   stm8s_tim2
     0000A389  A$stm8s_tim2$2542                  stm8s_tim2
     0000A389  Sstm8s_tim2$TIM2_GetITStatus$580   stm8s_tim2
     0000A389  Sstm8s_tim2$TIM2_GetITStatus$581   stm8s_tim2
     0000A389  XG$TIM2_GetITStatus$0$0            stm8s_tim2
     0000A38A  A$stm8s_tim2$2557                  stm8s_tim2
     0000A38A  Sstm8s_tim2$TIM2_ClearITPendingB   stm8s_tim2
     0000A38A  Sstm8s_tim2$TIM2_ClearITPendingB   stm8s_tim2
     0000A38A  Sstm8s_tim2$TIM2_ClearITPendingB   stm8s_tim2
     0000A38A  Sstm8s_tim2$TIM2_GetITStatus$582   stm8s_tim2
     0000A38A  _TIM2_ClearITPendingBit            stm8s_tim2
     0000A38C  A$stm8s_tim2$2558                  stm8s_tim2
     0000A38D  A$stm8s_tim2$2560                  stm8s_tim2
     0000A390  A$stm8s_tim2$2568                  stm8s_tim2
     0000A390  Sstm8s_tim2$TIM2_ClearITPendingB   stm8s_tim2
     0000A390  Sstm8s_tim2$TIM2_ClearITPendingB   stm8s_tim2
     0000A390  XG$TIM2_ClearITPendingBit$0$0      stm8s_tim2
ASxxxx Linker V03.00 + NoICE + sdld,  page 176.
Hexadecimal  [32-Bits]

Area                                    Addr        Size        Decimal Bytes (Attributes)
--------------------------------        ----        ----        ------- ----- ------------
CODE                                000080C4    0000247E =        9342. bytes (REL,CON)

      Value  Global                              Global Defined In Module
      -----  --------------------------------   ------------------------
     0000A391  A$stm8s_tim2$2580                  stm8s_tim2
     0000A391  Sstm8s_tim2$TI1_Config$589         stm8s_tim2
     0000A391  Sstm8s_tim2$TI1_Config$590         stm8s_tim2
     0000A391  Sstm8s_tim2$TIM2_ClearITPendingB   stm8s_tim2
     0000A392  A$stm8s_tim2$2585                  stm8s_tim2
     0000A392  Sstm8s_tim2$TI1_Config$591         stm8s_tim2
     0000A392  Sstm8s_tim2$TI1_Config$592         stm8s_tim2
     0000A395  A$stm8s_tim2$2587                  stm8s_tim2
     0000A397  A$stm8s_tim2$2589                  stm8s_tim2
     0000A39A  A$stm8s_tim2$2593                  stm8s_tim2
     0000A39A  Sstm8s_tim2$TI1_Config$593         stm8s_tim2
     0000A39D  A$stm8s_tim2$2595                  stm8s_tim2
     0000A39F  A$stm8s_tim2$2596                  stm8s_tim2
     0000A3A1  A$stm8s_tim2$2601                  stm8s_tim2
     0000A3A1  Sstm8s_tim2$TI1_Config$594         stm8s_tim2
     0000A3A3  A$stm8s_tim2$2603                  stm8s_tim2
     0000A3A4  A$stm8s_tim2$2604                  stm8s_tim2
     0000A3A6  A$stm8s_tim2$2608                  stm8s_tim2
     0000A3A8  A$stm8s_tim2$2610                  stm8s_tim2
     0000A3AA  A$stm8s_tim2$2612                  stm8s_tim2
     0000A3AD  A$stm8s_tim2$2616                  stm8s_tim2
     0000A3AD  Sstm8s_tim2$TI1_Config$595         stm8s_tim2
     0000A3B0  A$stm8s_tim2$2620                  stm8s_tim2
     0000A3B0  Sstm8s_tim2$TI1_Config$596         stm8s_tim2
     0000A3B2  A$stm8s_tim2$2621                  stm8s_tim2
     0000A3B4  A$stm8s_tim2$2622                  stm8s_tim2
     0000A3B7  A$stm8s_tim2$2628                  stm8s_tim2
     0000A3B7  Sstm8s_tim2$TI1_Config$597         stm8s_tim2
     0000A3B7  Sstm8s_tim2$TI1_Config$598         stm8s_tim2
     0000A3B9  A$stm8s_tim2$2630                  stm8s_tim2
     0000A3BC  A$stm8s_tim2$2633                  stm8s_tim2
     0000A3BC  Sstm8s_tim2$TI1_Config$599         stm8s_tim2
     0000A3BF  A$stm8s_tim2$2640                  stm8s_tim2
     0000A3BF  Sstm8s_tim2$TI1_Config$600         stm8s_tim2
     0000A3BF  Sstm8s_tim2$TI1_Config$601         stm8s_tim2
     0000A3C1  A$stm8s_tim2$2642                  stm8s_tim2
     0000A3C4  A$stm8s_tim2$2649                  stm8s_tim2
     0000A3C4  Sstm8s_tim2$TI1_Config$602         stm8s_tim2
     0000A3C4  Sstm8s_tim2$TI1_Config$603         stm8s_tim2
     0000A3C7  A$stm8s_tim2$2651                  stm8s_tim2
     0000A3C9  A$stm8s_tim2$2653                  stm8s_tim2
     0000A3CC  A$stm8s_tim2$2659                  stm8s_tim2
     0000A3CC  Sstm8s_tim2$TI1_Config$604         stm8s_tim2
     0000A3CD  A$stm8s_tim2$2663                  stm8s_tim2
     0000A3CD  Sstm8s_tim2$TI1_Config$605         stm8s_tim2
     0000A3CD  Sstm8s_tim2$TI1_Config$606         stm8s_tim2
     0000A3CD  XFstm8s_tim2$TI1_Config$0$0        stm8s_tim2
     0000A3CE  A$stm8s_tim2$2675                  stm8s_tim2
     0000A3CE  Sstm8s_tim2$TI1_Config$607         stm8s_tim2
     0000A3CE  Sstm8s_tim2$TI2_Config$608         stm8s_tim2
     0000A3CE  Sstm8s_tim2$TI2_Config$609         stm8s_tim2
ASxxxx Linker V03.00 + NoICE + sdld,  page 177.
Hexadecimal  [32-Bits]

Area                                    Addr        Size        Decimal Bytes (Attributes)
--------------------------------        ----        ----        ------- ----- ------------
CODE                                000080C4    0000247E =        9342. bytes (REL,CON)

      Value  Global                              Global Defined In Module
      -----  --------------------------------   ------------------------
     0000A3CF  A$stm8s_tim2$2680                  stm8s_tim2
     0000A3CF  Sstm8s_tim2$TI2_Config$610         stm8s_tim2
     0000A3CF  Sstm8s_tim2$TI2_Config$611         stm8s_tim2
     0000A3D2  A$stm8s_tim2$2682                  stm8s_tim2
     0000A3D4  A$stm8s_tim2$2684                  stm8s_tim2
     0000A3D7  A$stm8s_tim2$2688                  stm8s_tim2
     0000A3D7  Sstm8s_tim2$TI2_Config$612         stm8s_tim2
     0000A3DA  A$stm8s_tim2$2690                  stm8s_tim2
     0000A3DC  A$stm8s_tim2$2691                  stm8s_tim2
     0000A3DE  A$stm8s_tim2$2696                  stm8s_tim2
     0000A3DE  Sstm8s_tim2$TI2_Config$613         stm8s_tim2
     0000A3E0  A$stm8s_tim2$2698                  stm8s_tim2
     0000A3E1  A$stm8s_tim2$2699                  stm8s_tim2
     0000A3E3  A$stm8s_tim2$2703                  stm8s_tim2
     0000A3E5  A$stm8s_tim2$2705                  stm8s_tim2
     0000A3E7  A$stm8s_tim2$2707                  stm8s_tim2
     0000A3EA  A$stm8s_tim2$2711                  stm8s_tim2
     0000A3EA  Sstm8s_tim2$TI2_Config$614         stm8s_tim2
     0000A3ED  A$stm8s_tim2$2715                  stm8s_tim2
     0000A3ED  Sstm8s_tim2$TI2_Config$615         stm8s_tim2
     0000A3EF  A$stm8s_tim2$2716                  stm8s_tim2
     0000A3F1  A$stm8s_tim2$2717                  stm8s_tim2
     0000A3F4  A$stm8s_tim2$2723                  stm8s_tim2
     0000A3F4  Sstm8s_tim2$TI2_Config$616         stm8s_tim2
     0000A3F4  Sstm8s_tim2$TI2_Config$617         stm8s_tim2
     0000A3F6  A$stm8s_tim2$2725                  stm8s_tim2
     0000A3F9  A$stm8s_tim2$2728                  stm8s_tim2
     0000A3F9  Sstm8s_tim2$TI2_Config$618         stm8s_tim2
     0000A3FC  A$stm8s_tim2$2735                  stm8s_tim2
     0000A3FC  Sstm8s_tim2$TI2_Config$619         stm8s_tim2
     0000A3FC  Sstm8s_tim2$TI2_Config$620         stm8s_tim2
     0000A3FE  A$stm8s_tim2$2737                  stm8s_tim2
     0000A401  A$stm8s_tim2$2744                  stm8s_tim2
     0000A401  Sstm8s_tim2$TI2_Config$621         stm8s_tim2
     0000A401  Sstm8s_tim2$TI2_Config$622         stm8s_tim2
     0000A404  A$stm8s_tim2$2746                  stm8s_tim2
     0000A406  A$stm8s_tim2$2748                  stm8s_tim2
     0000A409  A$stm8s_tim2$2754                  stm8s_tim2
     0000A409  Sstm8s_tim2$TI2_Config$623         stm8s_tim2
     0000A40A  A$stm8s_tim2$2758                  stm8s_tim2
     0000A40A  Sstm8s_tim2$TI2_Config$624         stm8s_tim2
     0000A40A  Sstm8s_tim2$TI2_Config$625         stm8s_tim2
     0000A40A  XFstm8s_tim2$TI2_Config$0$0        stm8s_tim2
     0000A40B  A$stm8s_tim2$2770                  stm8s_tim2
     0000A40B  Sstm8s_tim2$TI2_Config$626         stm8s_tim2
     0000A40B  Sstm8s_tim2$TI3_Config$627         stm8s_tim2
     0000A40B  Sstm8s_tim2$TI3_Config$628         stm8s_tim2
     0000A40C  A$stm8s_tim2$2775                  stm8s_tim2
     0000A40C  Sstm8s_tim2$TI3_Config$629         stm8s_tim2
     0000A40C  Sstm8s_tim2$TI3_Config$630         stm8s_tim2
     0000A40F  A$stm8s_tim2$2777                  stm8s_tim2
ASxxxx Linker V03.00 + NoICE + sdld,  page 178.
Hexadecimal  [32-Bits]

Area                                    Addr        Size        Decimal Bytes (Attributes)
--------------------------------        ----        ----        ------- ----- ------------
CODE                                000080C4    0000247E =        9342. bytes (REL,CON)

      Value  Global                              Global Defined In Module
      -----  --------------------------------   ------------------------
     0000A411  A$stm8s_tim2$2779                  stm8s_tim2
     0000A414  A$stm8s_tim2$2783                  stm8s_tim2
     0000A414  Sstm8s_tim2$TI3_Config$631         stm8s_tim2
     0000A417  A$stm8s_tim2$2785                  stm8s_tim2
     0000A419  A$stm8s_tim2$2786                  stm8s_tim2
     0000A41B  A$stm8s_tim2$2791                  stm8s_tim2
     0000A41B  Sstm8s_tim2$TI3_Config$632         stm8s_tim2
     0000A41D  A$stm8s_tim2$2793                  stm8s_tim2
     0000A41E  A$stm8s_tim2$2794                  stm8s_tim2
     0000A420  A$stm8s_tim2$2798                  stm8s_tim2
     0000A422  A$stm8s_tim2$2800                  stm8s_tim2
     0000A424  A$stm8s_tim2$2802                  stm8s_tim2
     0000A427  A$stm8s_tim2$2806                  stm8s_tim2
     0000A427  Sstm8s_tim2$TI3_Config$633         stm8s_tim2
     0000A42A  A$stm8s_tim2$2810                  stm8s_tim2
     0000A42A  Sstm8s_tim2$TI3_Config$634         stm8s_tim2
     0000A42C  A$stm8s_tim2$2811                  stm8s_tim2
     0000A42E  A$stm8s_tim2$2812                  stm8s_tim2
     0000A431  A$stm8s_tim2$2818                  stm8s_tim2
     0000A431  Sstm8s_tim2$TI3_Config$635         stm8s_tim2
     0000A431  Sstm8s_tim2$TI3_Config$636         stm8s_tim2
     0000A433  A$stm8s_tim2$2820                  stm8s_tim2
     0000A436  A$stm8s_tim2$2823                  stm8s_tim2
     0000A436  Sstm8s_tim2$TI3_Config$637         stm8s_tim2
     0000A439  A$stm8s_tim2$2830                  stm8s_tim2
     0000A439  Sstm8s_tim2$TI3_Config$638         stm8s_tim2
     0000A439  Sstm8s_tim2$TI3_Config$639         stm8s_tim2
     0000A43B  A$stm8s_tim2$2832                  stm8s_tim2
     0000A43E  A$stm8s_tim2$2839                  stm8s_tim2
     0000A43E  Sstm8s_tim2$TI3_Config$640         stm8s_tim2
     0000A43E  Sstm8s_tim2$TI3_Config$641         stm8s_tim2
     0000A441  A$stm8s_tim2$2841                  stm8s_tim2
     0000A443  A$stm8s_tim2$2843                  stm8s_tim2
     0000A446  A$stm8s_tim2$2849                  stm8s_tim2
     0000A446  Sstm8s_tim2$TI3_Config$642         stm8s_tim2
     0000A447  A$stm8s_tim2$2853                  stm8s_tim2
     0000A447  Sstm8s_tim2$TI3_Config$643         stm8s_tim2
     0000A447  Sstm8s_tim2$TI3_Config$644         stm8s_tim2
     0000A447  XFstm8s_tim2$TI3_Config$0$0        stm8s_tim2
     0000A448  Sstm8s_tim2$TI3_Config$645         stm8s_tim2
     0000A448  __divulong                         
     0000A4A2  _puts                              puts
     0000A4C6  __mullong                          
ASxxxx Linker V03.00 + NoICE + sdld,  page 179.
Hexadecimal  [32-Bits]

Area                                    Addr        Size        Decimal Bytes (Attributes)
--------------------------------        ----        ----        ------- ----- ------------
.debug_line                         00000000    00003618 =       13848. bytes (REL,CON)

      Value  Global                              Global Defined In Module
      -----  --------------------------------   ------------------------
ASxxxx Linker V03.00 + NoICE + sdld,  page 180.
Hexadecimal  [32-Bits]

Area                                    Addr        Size        Decimal Bytes (Attributes)
--------------------------------        ----        ----        ------- ----- ------------
.debug_loc                          00000000    00003A80 =       14976. bytes (REL,CON)

      Value  Global                              Global Defined In Module
      -----  --------------------------------   ------------------------
ASxxxx Linker V03.00 + NoICE + sdld,  page 181.
Hexadecimal  [32-Bits]

Area                                    Addr        Size        Decimal Bytes (Attributes)
--------------------------------        ----        ----        ------- ----- ------------
.debug_abbrev                       00000000    000007DC =        2012. bytes (REL,CON)

      Value  Global                              Global Defined In Module
      -----  --------------------------------   ------------------------
ASxxxx Linker V03.00 + NoICE + sdld,  page 182.
Hexadecimal  [32-Bits]

Area                                    Addr        Size        Decimal Bytes (Attributes)
--------------------------------        ----        ----        ------- ----- ------------
.debug_info                         00000000    000054D8 =       21720. bytes (REL,CON)

      Value  Global                              Global Defined In Module
      -----  --------------------------------   ------------------------
ASxxxx Linker V03.00 + NoICE + sdld,  page 183.
Hexadecimal  [32-Bits]

Area                                    Addr        Size        Decimal Bytes (Attributes)
--------------------------------        ----        ----        ------- ----- ------------
.debug_pubnames                     00000000    0000124C =        4684. bytes (REL,CON)

      Value  Global                              Global Defined In Module
      -----  --------------------------------   ------------------------
ASxxxx Linker V03.00 + NoICE + sdld,  page 184.
Hexadecimal  [32-Bits]

Area                                    Addr        Size        Decimal Bytes (Attributes)
--------------------------------        ----        ----        ------- ----- ------------
.debug_frame                        00000000    00003A88 =       14984. bytes (REL,CON)

      Value  Global                              Global Defined In Module
      -----  --------------------------------   ------------------------
ASxxxx Linker V03.00 + NoICE + sdld,  page 185.

Files Linked                              [ module(s) ]

build-STM8S208/main.rel                   [ main ]
build-STM8S208/milis.rel                  [ milis ]
build-STM8S208/spse_stm8.rel              [ spse_stm8 ]
build-STM8S208/stm8_hd44780.rel           [ stm8_hd44780 ]
build-STM8S208/stm8s_it.rel               [ stm8s_it ]
build-STM8S208/swi2c.rel                  [ swi2c ]
build-STM8S208/swspi.rel                  [ swspi ]
build-STM8S208/uart1.rel                  [ uart1 ]
build-STM8S208/stm8s_gpio.rel             [ stm8s_gpio ]
build-STM8S208/stm8s_clk.rel              [ stm8s_clk ]
build-STM8S208/stm8s_tim4.rel             [ stm8s_tim4 ]
build-STM8S208/stm8s_itc.rel              [ stm8s_itc ]
build-STM8S208/stm8s_uart1.rel            [ stm8s_uart1 ]
build-STM8S208/stm8s_adc2.rel             [ stm8s_adc2 ]
build-STM8S208/stm8s_tim2.rel             [ stm8s_tim2 ]


Libraries Linked                          [ object file ]

C:\Program Files\SDCC\bin\..\lib\stm8/stm8.lib
                                          [ _divulong.rel ]
C:\Program Files\SDCC\bin\..\lib\stm8/stm8.lib
                                          [ puts.rel ]
C:\Program Files\SDCC\bin\..\lib\stm8/stm8.lib
                                          [ _mullong.rel ]

ASxxxx Linker V03.00 + NoICE + sdld,  page 186.

User Base Address Definitions

HOME = 0x8000
DATA = 0x0001

